MPLINK 4.02, Linker
Linker Map File - Created Thu Jun 22 11:41:44 2023

                                 Section Info
                  Section       Type    Address   Location Size(Bytes)
                ---------  ---------  ---------  ---------  ---------
               _entry_scn       code   0x000000    program   0x000006
      InterruptVectorHigh       code   0x000008    program   0x000006
                   .cinit    romdata   0x00002a    program   0x00003e
             .code_Main.o       code   0x000068    program   0x00c136
         .code_hcms297x.o       code   0x00c19e    program   0x0021ba
             .code_Keys.o       code   0x00e358    program   0x0008ee
                     PROG       code   0x00ec46    program   0x0006e6
          .code_Network.o       code   0x00f32c    program   0x00028a
         .code_Keyboard.o       code   0x00f5b6    program   0x0001de
          .code_LTC1655.o       code   0x00f794    program   0x000160
               _cinit_scn       code   0x00f8f4    program   0x00009e
          .code_fxm3232.o       code   0x00f992    program   0x000070
         .code_fxd3232u.o       code   0x00fa02    program   0x000048
             D10KTCYXCODE       code   0x00fa4a    program   0x00002e
         .code_fxd1616u.o       code   0x00fa78    program   0x00002c
              D1KTCYXCODE       code   0x00faa4    program   0x000020
                    .code       code   0x00fac4    program   0x000020
             _startup_scn       code   0x00fae4    program   0x00001c
           .code___init.o       code   0x00fb00    program   0x000002
       .romdata_Network.o    romdata   0x00fb02    program   0x000000
      .romdata_fxd1616u.o    romdata   0x00fb02    program   0x000000
      .romdata_fxd3232u.o    romdata   0x00fb02    program   0x000000
       .romdata_fxm3232.o    romdata   0x00fb02    program   0x000000
         .romdata_c018i.o    romdata   0x00fb02    program   0x000000
          .romdata_Main.o    romdata   0x00fb02    program   0x000000
       .romdata_LTC1655.o    romdata   0x00fb02    program   0x000000
          .romdata_Keys.o    romdata   0x00fb02    program   0x000000
        .romdata___init.o    romdata   0x00fb02    program   0x000000
      .romdata_Keyboard.o    romdata   0x00fb02    program   0x000000
      .romdata_hcms297x.o    romdata   0x00fb02    program   0x000000
      .idata_hcms297x.o_i    romdata   0x00fb02    program   0x000258
        .idata___init.o_i    romdata   0x00fd5a    program   0x000000
       .idata_fxm3232.o_i    romdata   0x00fd5a    program   0x000000
         .idata_c018i.o_i    romdata   0x00fd5a    program   0x000000
      .idata_fxd3232u.o_i    romdata   0x00fd5a    program   0x000000
      .idata_fxd1616u.o_i    romdata   0x00fd5a    program   0x000000
       .idata_Network.o_i    romdata   0x00fd5a    program   0x000001
          .idata_Main.o_i    romdata   0x00fd5b    program   0x0000a5
       .idata_LTC1655.o_i    romdata   0x00fe00    program   0x000000
          .idata_Keys.o_i    romdata   0x00fe00    program   0x000006
      .idata_Keyboard.o_i    romdata   0x00fe06    program   0x000002
            .code_c018i.o       code   0x00fe08    program   0x000000
                 .tmpdata      udata   0x000000       data   0x000018
                MATH_DATA      udata   0x000018       data   0x000014
 InterruptHandlerHigh_tmp      udata   0x00002c       data   0x000003
                DELAYDAT2      udata   0x00002f       data   0x000001
                DELAYDAT1      udata   0x000030       data   0x000001
           .udata_c018i.o      udata   0x000080       data   0x00000a
            .udata_Keys.o      udata   0x00008a       data   0x000005
                     gpr0      udata   0x000100       data   0x0000f7
            .idata_Keys.o      idata   0x0001f7       data   0x000006
                     gpr4      udata   0x000200       data   0x0000f2
                     gpr2      udata   0x0002f2       data   0x00000d
         .idata_Network.o      idata   0x0002ff       data   0x000001
            .idata_Main.o      idata   0x000300       data   0x0000a5
        .udata_hcms297x.o      udata   0x0003a5       data   0x000039
         .udata_Network.o      udata   0x0003de       data   0x00001a
        .udata_Keyboard.o      udata   0x0003f8       data   0x000006
        .idata_Keyboard.o      idata   0x0003fe       data   0x000002
                     gpr3      udata   0x000400       data   0x000359
        .idata_hcms297x.o      idata   0x000759       data   0x000258
                     gpr1      udata   0x0009b1       data   0x00003f
            .udata_Main.o      udata   0x0009f0       data   0x00000f
          .idata___init.o      idata   0x0009ff       data   0x000000
          .udata___init.o      udata   0x0009ff       data   0x000000
         .idata_fxm3232.o      idata   0x0009ff       data   0x000000
         .udata_fxm3232.o      udata   0x0009ff       data   0x000000
        .idata_fxd3232u.o      idata   0x0009ff       data   0x000000
        .udata_fxd3232u.o      udata   0x0009ff       data   0x000000
        .idata_fxd1616u.o      idata   0x0009ff       data   0x000000
        .udata_fxd1616u.o      udata   0x0009ff       data   0x000000
           .idata_c018i.o      idata   0x0009ff       data   0x000000
         .idata_LTC1655.o      idata   0x0009ff       data   0x000000
         .udata_LTC1655.o      udata   0x0009ff       data   0x000000
                    gpr10      udata   0x000a00       data   0x000190
                   .stack      udata   0x000e00       data   0x000100
            SFR_UNBANKED0      udata   0x000f80       data   0x000080



                              Program Memory Usage 
                               Start         End      
                           ---------   ---------      
                            0x000000    0x000005      
                            0x000008    0x00000d      
                            0x00002a    0x00fe07      
            65002 out of 66584 program addresses used, program memory utilization is 97%



                              Symbols - Sorted by Name
                     Name    Address   Location    Storage File                     
                ---------  ---------  ---------  --------- ---------                
             AtualizaDisp   0x00a3d2    program     extern C:\Users\romeu\Desktop\Trabalho\SUI ANTIGO\SUI-DI141388XY Funcionando\UR-DI151399Ver1.01_06072017\Main.c
             CalAnalogica   0x00800a    program     extern C:\Users\romeu\Desktop\Trabalho\SUI ANTIGO\SUI-DI141388XY Funcionando\UR-DI151399Ver1.01_06072017\Main.c
            CalAnalogica2   0x0081e8    program     extern C:\Users\romeu\Desktop\Trabalho\SUI ANTIGO\SUI-DI141388XY Funcionando\UR-DI151399Ver1.01_06072017\Main.c
                   D10K_1   0x00fa56    program     static E:\3.46\pic18-lt\cxx-framework\src\traditional\delays\d10ktcyx.asm
                    D10Kl   0x00fa62    program     static E:\3.46\pic18-lt\cxx-framework\src\traditional\delays\d10ktcyx.asm
                    D10Kx   0x00fa54    program     static E:\3.46\pic18-lt\cxx-framework\src\traditional\delays\d10ktcyx.asm
                   D1616S   0x00ef4c    program     static E:\3.46\pic18-lt\cxx-framework\src\traditional\math\fxd1616s.asm
                D1616SNEG   0x00ef5a    program     static E:\3.46\pic18-lt\cxx-framework\src\traditional\math\fxd1616s.asm
                 D1616SOK   0x00ef56    program     static E:\3.46\pic18-lt\cxx-framework\src\traditional\math\fxd1616s.asm
                  D1616SX   0x00ef6c    program     static E:\3.46\pic18-lt\cxx-framework\src\traditional\math\fxd1616s.asm
                    D1K_1   0x00fab0    program     static E:\3.46\pic18-lt\cxx-framework\src\traditional\delays\d1ktcyx.asm
                     D1Kx   0x00faae    program     static E:\3.46\pic18-lt\cxx-framework\src\traditional\delays\d1ktcyx.asm
                   D3232S   0x00efa6    program     static E:\3.46\pic18-lt\cxx-framework\src\traditional\math\fxd3232s.asm
                D3232SNEG   0x00efb4    program     static E:\3.46\pic18-lt\cxx-framework\src\traditional\math\fxd3232s.asm
                 D3232SOK   0x00efb0    program     static E:\3.46\pic18-lt\cxx-framework\src\traditional\math\fxd3232s.asm
                  D3232SX   0x00efd4    program     static E:\3.46\pic18-lt\cxx-framework\src\traditional\math\fxd3232s.asm
                  DA1616S   0x00ef3c    program     static E:\3.46\pic18-lt\cxx-framework\src\traditional\math\fxd1616s.asm
                  DA3232S   0x00ef90    program     static E:\3.46\pic18-lt\cxx-framework\src\traditional\math\fxd3232s.asm
             Delay10KTCYx   0x00fa4a    program     extern E:\3.46\pic18-lt\cxx-framework\src\traditional\delays\d10ktcyx.asm
              Delay1KTCYx   0x00faa4    program     extern E:\3.46\pic18-lt\cxx-framework\src\traditional\delays\d1ktcyx.asm
              DispSigLong   0x00c758    program     extern C:\Users\romeu\Desktop\Trabalho\SUI ANTIGO\SUI-DI141388XY Funcionando\UR-DI151399Ver1.01_06072017\hcms297x.c
            DispSigLong12   0x00d9a0    program     extern C:\Users\romeu\Desktop\Trabalho\SUI ANTIGO\SUI-DI141388XY Funcionando\UR-DI151399Ver1.01_06072017\hcms297x.c
           DispSigLongXYZ   0x00ce12    program     extern C:\Users\romeu\Desktop\Trabalho\SUI ANTIGO\SUI-DI141388XY Funcionando\UR-DI151399Ver1.01_06072017\hcms297x.c
            DispUnsigLong   0x00d60c    program     extern C:\Users\romeu\Desktop\Trabalho\SUI ANTIGO\SUI-DI141388XY Funcionando\UR-DI151399Ver1.01_06072017\hcms297x.c
            EfetivaPreset   0x00b63a    program     extern C:\Users\romeu\Desktop\Trabalho\SUI ANTIGO\SUI-DI141388XY Funcionando\UR-DI151399Ver1.01_06072017\Main.c
              EnviaEEProm   0x008716    program     extern C:\Users\romeu\Desktop\Trabalho\SUI ANTIGO\SUI-DI141388XY Funcionando\UR-DI151399Ver1.01_06072017\Main.c
                 FLO3232S   0x00ec4a    program     extern E:\3.46\pic18-lt\cxx-framework\src\traditional\math\cast32FP.asm
                 FLO3232U   0x00ec46    program     extern E:\3.46\pic18-lt\cxx-framework\src\traditional\math\cast32FP.asm
                    FPA32   0x00ec7e    program     extern E:\3.46\pic18-lt\cxx-framework\src\traditional\math\addFP.asm
                    FPD32   0x00edaa    program     extern E:\3.46\pic18-lt\cxx-framework\src\traditional\math\divFP.asm
                    FPM32   0x00ee50    program     extern E:\3.46\pic18-lt\cxx-framework\src\traditional\math\mulFP.asm
                    FPS32   0x00ec7c    program     extern E:\3.46\pic18-lt\cxx-framework\src\traditional\math\addFP.asm
                 FXD1616S   0x00ef2a    program     extern E:\3.46\pic18-lt\cxx-framework\src\traditional\math\fxd1616s.asm
                 FXD1616U   0x00fa78    program     extern E:\3.46\pic18-lt\cxx-framework\src\traditional\math\fxd1616u.c
                 FXD3232S   0x00ef76    program     extern E:\3.46\pic18-lt\cxx-framework\src\traditional\math\fxd3232s.asm
                 FXD3232U   0x00fa02    program     extern E:\3.46\pic18-lt\cxx-framework\src\traditional\math\fxd3232u.c
                 FXM1616S   0x00efde    program     extern E:\3.46\pic18-lt\cxx-framework\src\traditional\math\fxm1616s.asm
                  FXM3232   0x00f992    program     extern E:\3.46\pic18-lt\cxx-framework\src\traditional\math\fxm3232.c
            FiltroDigital   0x00ad4a    program     extern C:\Users\romeu\Desktop\Trabalho\SUI ANTIGO\SUI-DI141388XY Funcionando\UR-DI151399Ver1.01_06072017\Main.c
                  INT3208   0x00f038    program     extern E:\3.46\pic18-lt\cxx-framework\src\traditional\math\castFP08.asm
                  INT3216   0x00f086    program     extern E:\3.46\pic18-lt\cxx-framework\src\traditional\math\castFP16.asm
                  INT3232   0x00f0e4    program     extern E:\3.46\pic18-lt\cxx-framework\src\traditional\math\castFP32.asm
     InterruptHandlerHigh   0x00bd10    program     extern C:\Users\romeu\Desktop\Trabalho\SUI ANTIGO\SUI-DI141388XY Funcionando\UR-DI151399Ver1.01_06072017\Main.c
      InterruptVectorHigh   0x000008    program     extern C:\Users\romeu\Desktop\Trabalho\SUI ANTIGO\SUI-DI141388XY Funcionando\UR-DI151399Ver1.01_06072017\Main.c
              LTC1655Init   0x00f8c4    program     extern C:\Users\romeu\Desktop\Trabalho\SUI ANTIGO\SUI-DI141388XY Funcionando\UR-DI151399Ver1.01_06072017\LTC1655.c
                 LeEEprom   0x008734    program     extern C:\Users\romeu\Desktop\Trabalho\SUI ANTIGO\SUI-DI141388XY Funcionando\UR-DI151399Ver1.01_06072017\Main.c
                   LimOut   0x0087dc    program     extern C:\Users\romeu\Desktop\Trabalho\SUI ANTIGO\SUI-DI141388XY Funcionando\UR-DI151399Ver1.01_06072017\Main.c
              MensInicial   0x008754    program     extern C:\Users\romeu\Desktop\Trabalho\SUI ANTIGO\SUI-DI141388XY Funcionando\UR-DI151399Ver1.01_06072017\Main.c
            ModosOperacao   0x00b7ea    program     extern C:\Users\romeu\Desktop\Trabalho\SUI ANTIGO\SUI-DI141388XY Funcionando\UR-DI151399Ver1.01_06072017\Main.c
           PresetInFuncao   0x00e358    program     extern C:\Users\romeu\Desktop\Trabalho\SUI ANTIGO\SUI-DI141388XY Funcionando\UR-DI151399Ver1.01_06072017\Keys.c
           Restaurar_Boot   0x005ae0    program     extern C:\Users\romeu\Desktop\Trabalho\SUI ANTIGO\SUI-DI141388XY Funcionando\UR-DI151399Ver1.01_06072017\Main.c
                  TAGTB32   0x00f152    program     extern E:\3.46\pic18-lt\cxx-framework\src\traditional\math\gtFP.asm
                  TALTB32   0x00f164    program     extern E:\3.46\pic18-lt\cxx-framework\src\traditional\math\ltFP.asm
               TSIGN1616A   0x00f02a    program     static E:\3.46\pic18-lt\cxx-framework\src\traditional\math\fxm1616s.asm
       _D10KTCYXCODE_0010   0x00fa5a    program     static E:\3.46\pic18-lt\cxx-framework\src\traditional\delays\d10ktcyx.asm
       _D10KTCYXCODE_001C   0x00fa66    program     static E:\3.46\pic18-lt\cxx-framework\src\traditional\delays\d10ktcyx.asm
        _D1KTCYXCODE_0010   0x00fab4    program     static E:\3.46\pic18-lt\cxx-framework\src\traditional\delays\d1ktcyx.asm
        _D1KTCYXCODE_0016   0x00faba    program     static E:\3.46\pic18-lt\cxx-framework\src\traditional\delays\d1ktcyx.asm
              __FpCompare   0x00f176    program     extern E:\3.46\pic18-lt\cxx-framework\src\traditional\math\compFP.asm
                 __FpExit   0x00f22c    program     extern E:\3.46\pic18-lt\cxx-framework\src\traditional\math\packFP.asm
                 __FpPack   0x00f258    program     extern E:\3.46\pic18-lt\cxx-framework\src\traditional\math\packFP.asm
            __FpReturnNaN   0x00f220    program     extern E:\3.46\pic18-lt\cxx-framework\src\traditional\math\packFP.asm
         __FpReturnNegInf   0x00f232    program     extern E:\3.46\pic18-lt\cxx-framework\src\traditional\math\packFP.asm
        __FpReturnNegZero   0x00f24a    program     extern E:\3.46\pic18-lt\cxx-framework\src\traditional\math\packFP.asm
         __FpReturnPosInf   0x00f238    program     extern E:\3.46\pic18-lt\cxx-framework\src\traditional\math\packFP.asm
        __FpReturnPosZero   0x00f252    program     extern E:\3.46\pic18-lt\cxx-framework\src\traditional\math\packFP.asm
        __FpReturnSignInf   0x00f22e    program     extern E:\3.46\pic18-lt\cxx-framework\src\traditional\math\packFP.asm
       __FpReturnSignZero   0x00f246    program     extern E:\3.46\pic18-lt\cxx-framework\src\traditional\math\packFP.asm
              __FpReturnW   0x00f2b0    program     extern E:\3.46\pic18-lt\cxx-framework\src\traditional\math\packFP.asm
              __FpUnPackA   0x00f2d0    program     extern E:\3.46\pic18-lt\cxx-framework\src\traditional\math\UnpackFP.asm
              __FpUnPackB   0x00f300    program     extern E:\3.46\pic18-lt\cxx-framework\src\traditional\math\UnpackFP.asm
         ___else_lbl01007   0x00bd74    program     static                          
         ___else_lbl01010   0x00bd78    program     static                          
         ___else_lbl01012   0x00bd98    program     static                          
         ___else_lbl01015   0x00bd46    program     static                          
         ___else_lbl01019   0x00bdba    program     static                          
         ___else_lbl01027   0x00be98    program     static                          
         ___else_lbl01033   0x00bf12    program     static                          
         ___else_lbl01036   0x00bf26    program     static                          
         ___else_lbl01039   0x00bf3e    program     static                          
         ___else_lbl01041   0x00bf6a    program     static                          
         ___else_lbl01043   0x00bf72    program     static                          
         ___else_lbl01045   0x00bf56    program     static                          
          ___for_lbl00001   0x0000d0    program     static                          
          ___for_lbl00002   0x0000d4    program     static                          
          ___for_lbl00003   0x000076    program     static                          
          ___for_lbl00708   0x0086ec    program     static                          
          ___for_lbl00709   0x008702    program     static                          
          ___for_lbl00710   0x0086d8    program     static                          
          ___for_lbl00711   0x0086ec    program     static                          
          ___for_lbl00712   0x0086bc    program     static                          
          ___for_lbl00713   0x008694    program     static                          
           ___if_lbl00006   0x00010e    program     static                          
           ___if_lbl00008   0x00012e    program     static                          
           ___if_lbl00009   0x000136    program     static                          
           ___if_lbl01006   0x00bd76    program     static                          
           ___if_lbl01008   0x00bd96    program     static                          
           ___if_lbl01009   0x00bd96    program     static                          
           ___if_lbl01011   0x00bda0    program     static                          
           ___if_lbl01013   0x00bda0    program     static                          
           ___if_lbl01014   0x00bda0    program     static                          
           ___if_lbl01016   0x00bdd2    program     static                          
           ___if_lbl01017   0x00bddc    program     static                          
           ___if_lbl01018   0x00bddc    program     static                          
           ___if_lbl01020   0x00bde0    program     static                          
           ___if_lbl01024   0x00be3c    program     static                          
           ___if_lbl01025   0x00be84    program     static                          
           ___if_lbl01026   0x00be9c    program     static                          
           ___if_lbl01028   0x00bebc    program     static                          
           ___if_lbl01029   0x00bedc    program     static                          
           ___if_lbl01030   0x00bef6    program     static                          
           ___if_lbl01031   0x00befc    program     static                          
           ___if_lbl01032   0x00bf14    program     static                          
           ___if_lbl01034   0x00bf14    program     static                          
           ___if_lbl01035   0x00bf28    program     static                          
           ___if_lbl01037   0x00bf28    program     static                          
           ___if_lbl01038   0x00bf48    program     static                          
           ___if_lbl01040   0x00bf70    program     static                          
           ___if_lbl01042   0x00bf7a    program     static                          
           ___if_lbl01044   0x00bf84    program     static                          
           ___if_lbl01046   0x00bf86    program     static                          
           ___if_lbl01048   0x00bf94    program     static                          
       ___return_lbl00000   0x000004    program     static                          
       ___return_lbl00000   0x000144    program     static                          
       ___return_lbl00000   0x00faa2    program     static                          
       ___return_lbl00000   0x00fa48    program     static                          
       ___return_lbl00000   0x00fa00    program     static                          
       ___return_lbl00001   0x00fafe    program     static                          
       ___return_lbl00002   0x00f990    program     static                          
       ___return_lbl00707   0x008702    program     static                          
       ___return_lbl01002   0x00000c    program     static                          
       ___return_lbl01003   0x00bf94    program     static                          
        ___while_lbl00004   0x0000fe    program     static                          
        ___while_lbl00005   0x000144    program     static                          
                   __init   0x00fb00    program     extern E:\3.46\pic18-lt\cxx-framework\src\traditional\stdclib\__init.c
               __tmplbl_0   0x00012a    program     static                          
               __tmplbl_1   0x000122    program     static                          
             __tmplbl_120   0x0086ae    program     static                          
             __tmplbl_121   0x0086d4    program     static                          
             __tmplbl_170   0x00bd38    program     static                          
             __tmplbl_171   0x00bd32    program     static                          
             __tmplbl_172   0x00bd6a    program     static                          
             __tmplbl_173   0x00bd64    program     static                          
             __tmplbl_174   0x00bdf2    program     static                          
             __tmplbl_175   0x00bdea    program     static                          
             __tmplbl_176   0x00be20    program     static                          
             __tmplbl_177   0x00be1a    program     static                          
             __tmplbl_178   0x00be30    program     static                          
             __tmplbl_179   0x00be28    program     static                          
             __tmplbl_180   0x00be7e    program     static                          
             __tmplbl_181   0x00be7a    program     static                          
             __tmplbl_182   0x00beb2    program     static                          
             __tmplbl_183   0x00beae    program     static                          
             __tmplbl_184   0x00bf92    program     static                          
             __tmplbl_185   0x00bf8c    program     static                          
             __tmplbl_186   0x005ad6    program     static                          
             __tmplbl_187   0x00242a    program     static                          
             __tmplbl_188   0x002426    program     static                          
             __tmplbl_189   0x002426    program     static                          
             __tmplbl_190   0x002426    program     static                          
             __tmplbl_191   0x002426    program     static                          
             __tmplbl_192   0x002426    program     static                          
             __tmplbl_193   0x002426    program     static                          
             __tmplbl_194   0x002426    program     static                          
             __tmplbl_195   0x002426    program     static                          
             __tmplbl_196   0x002426    program     static                          
             __tmplbl_197   0x002426    program     static                          
             __tmplbl_198   0x002426    program     static                          
             __tmplbl_199   0x002426    program     static                          
             __tmplbl_200   0x002426    program     static                          
             __tmplbl_201   0x002426    program     static                          
             __tmplbl_202   0x002426    program     static                          
             __tmplbl_203   0x002426    program     static                          
             __tmplbl_204   0x002426    program     static                          
             __tmplbl_205   0x002426    program     static                          
             __tmplbl_206   0x002426    program     static                          
             __tmplbl_207   0x002426    program     static                          
             __tmplbl_208   0x002426    program     static                          
             __tmplbl_209   0x002426    program     static                          
             __tmplbl_210   0x002426    program     static                          
             __tmplbl_211   0x002426    program     static                          
             __tmplbl_212   0x002426    program     static                          
             __tmplbl_213   0x002426    program     static                          
             __tmplbl_214   0x002426    program     static                          
             __tmplbl_215   0x002426    program     static                          
             __tmplbl_216   0x002426    program     static                          
             __tmplbl_217   0x002426    program     static                          
             __tmplbl_218   0x002426    program     static                          
             __tmplbl_219   0x002426    program     static                          
             __tmplbl_220   0x002426    program     static                          
             __tmplbl_221   0x002426    program     static                          
             __tmplbl_222   0x005ad6    program     static                          
             __tmplbl_223   0x005a0e    program     static                          
             __tmplbl_224   0x00581c    program     static                          
             __tmplbl_225   0x00574a    program     static                          
             __tmplbl_226   0x005678    program     static                          
             __tmplbl_227   0x005486    program     static                          
             __tmplbl_228   0x0053b8    program     static                          
             __tmplbl_229   0x0052ea    program     static                          
             __tmplbl_230   0x00521c    program     static                          
             __tmplbl_231   0x005112    program     static                          
             __tmplbl_232   0x005008    program     static                          
             __tmplbl_233   0x004f38    program     static                          
             __tmplbl_234   0x004e68    program     static                          
             __tmplbl_235   0x004d98    program     static                          
             __tmplbl_236   0x004cc8    program     static                          
             __tmplbl_237   0x004bb4    program     static                          
             __tmplbl_238   0x004ae4    program     static                          
             __tmplbl_239   0x0048f0    program     static                          
             __tmplbl_240   0x004820    program     static                          
             __tmplbl_241   0x004750    program     static                          
             __tmplbl_242   0x004680    program     static                          
             __tmplbl_243   0x0045b0    program     static                          
             __tmplbl_244   0x0044e0    program     static                          
             __tmplbl_245   0x004410    program     static                          
             __tmplbl_246   0x004340    program     static                          
             __tmplbl_247   0x00421a    program     static                          
             __tmplbl_248   0x0040f4    program     static                          
             __tmplbl_249   0x004024    program     static                          
             __tmplbl_250   0x003e30    program     static                          
             __tmplbl_251   0x003cb0    program     static                          
             __tmplbl_252   0x003b30    program     static                          
             __tmplbl_253   0x003924    program     static                          
             __tmplbl_254   0x0037ae    program     static                          
             __tmplbl_255   0x003638    program     static                          
             __tmplbl_256   0x0034b8    program     static                          
             __tmplbl_257   0x003338    program     static                          
             __tmplbl_258   0x0031b8    program     static                          
             __tmplbl_259   0x003038    program     static                          
             __tmplbl_260   0x002f96    program     static                          
             __tmplbl_261   0x002e8c    program     static                          
             __tmplbl_262   0x002d82    program     static                          
             __tmplbl_270   0x005ad6    program     static                          
             __tmplbl_272   0x005ad6    program     static                          
             __tmplbl_273   0x005ad6    program     static                          
             __tmplbl_274   0x005ad6    program     static                          
             __tmplbl_275   0x005ad6    program     static                          
             __tmplbl_276   0x005ad6    program     static                          
             __tmplbl_277   0x005ad6    program     static                          
             __tmplbl_278   0x005ad6    program     static                          
             __tmplbl_280   0x005ad6    program     static                          
             __tmplbl_282   0x005ad6    program     static                          
             __tmplbl_284   0x005ad6    program     static                          
             __tmplbl_285   0x005ad6    program     static                          
             __tmplbl_287   0x005ad6    program     static                          
             __tmplbl_289   0x005ad6    program     static                          
             __tmplbl_291   0x005ad6    program     static                          
             __tmplbl_293   0x005ad6    program     static                          
             __tmplbl_295   0x005ad6    program     static                          
             __tmplbl_297   0x005ad6    program     static                          
             __tmplbl_299   0x005ad6    program     static                          
             __tmplbl_301   0x005ad6    program     static                          
             __tmplbl_303   0x005ad6    program     static                          
             __tmplbl_305   0x005ad6    program     static                          
             __tmplbl_306   0x005ad6    program     static                          
             __tmplbl_307   0x005ad6    program     static                          
             __tmplbl_308   0x005ad6    program     static                          
             __tmplbl_309   0x005ad6    program     static                          
             __tmplbl_310   0x005ad6    program     static                          
             __tmplbl_311   0x005ad6    program     static                          
             __tmplbl_312   0x005ad6    program     static                          
             __tmplbl_313   0x005ad6    program     static                          
             __tmplbl_314   0x005ad6    program     static                          
             __tmplbl_315   0x005ad6    program     static                          
             __tmplbl_317   0x005ad6    program     static                          
             __tmplbl_318   0x005ad6    program     static                          
             __tmplbl_319   0x005ad6    program     static                          
             __tmplbl_320   0x005ad6    program     static                          
             __tmplbl_321   0x005ad6    program     static                          
             __tmplbl_322   0x005ad6    program     static                          
             __tmplbl_323   0x005ad6    program     static                          
             __tmplbl_325   0x005ad6    program     static                          
             __tmplbl_327   0x005ad6    program     static                          
             __tmplbl_330   0x006748    program     static                          
             __tmplbl_331   0x007d84    program     static                          
             __tmplbl_357   0x00b626    program     static                          
            __zero_memory   0x00fac4    program     extern E:\3.46\pic18-lt\cxx-framework\src\traditional\proc\p18f4620.asm
                _do_cinit   0x00f8f4    program     extern E:\3.46\pic18-lt\cxx-framework\src\traditional\startup\c018i.c
                   _entry   0x000000    program     extern E:\3.46\pic18-lt\cxx-framework\src\traditional\startup\c018i.c
                   _false   0x00fa44    program     static                          
                 _startup   0x00fae4    program     extern E:\3.46\pic18-lt\cxx-framework\src\traditional\startup\c018i.c
                  atraso2   0x00866c    program     extern C:\Users\romeu\Desktop\Trabalho\SUI ANTIGO\SUI-DI141388XY Funcionando\UR-DI151399Ver1.01_06072017\Main.c
                  calcCRC   0x00f41c    program     extern C:\Users\romeu\Desktop\Trabalho\SUI ANTIGO\SUI-DI141388XY Funcionando\UR-DI151399Ver1.01_06072017\Network.c
                compare_l   0x00fada    program     static E:\3.46\pic18-lt\cxx-framework\src\traditional\proc\p18f4620.asm
                   contsx   0x00c248    program     extern C:\Users\romeu\Desktop\Trabalho\SUI ANTIGO\SUI-DI141388XY Funcionando\UR-DI151399Ver1.01_06072017\hcms297x.c
                copy_loop   0x00f966    program     static                          
            copy_one_byte   0x00f96c    program     static                          
               cria_menus   0x0001f6    program     extern C:\Users\romeu\Desktop\Trabalho\SUI ANTIGO\SUI-DI141388XY Funcionando\UR-DI151399Ver1.01_06072017\Main.c
                 dacSend1   0x00f794    program     extern C:\Users\romeu\Desktop\Trabalho\SUI ANTIGO\SUI-DI141388XY Funcionando\UR-DI151399Ver1.01_06072017\LTC1655.c
                 dacSend2   0x00f82c    program     extern C:\Users\romeu\Desktop\Trabalho\SUI ANTIGO\SUI-DI141388XY Funcionando\UR-DI151399Ver1.01_06072017\LTC1655.c
          display_decimal   0x00c5c6    program     extern C:\Users\romeu\Desktop\Trabalho\SUI ANTIGO\SUI-DI141388XY Funcionando\UR-DI151399Ver1.01_06072017\hcms297x.c
   display_decimal_signed   0x00d79e    program     extern C:\Users\romeu\Desktop\Trabalho\SUI ANTIGO\SUI-DI141388XY Funcionando\UR-DI151399Ver1.01_06072017\hcms297x.c
                     done   0x00f990    program     static                          
             done_copying   0x00f97a    program     static                          
              eeprom_read   0x00acbe    program     extern C:\Users\romeu\Desktop\Trabalho\SUI ANTIGO\SUI-DI141388XY Funcionando\UR-DI151399Ver1.01_06072017\Main.c
             eeprom_write   0x00ac88    program     extern C:\Users\romeu\Desktop\Trabalho\SUI ANTIGO\SUI-DI141388XY Funcionando\UR-DI151399Ver1.01_06072017\Main.c
                  endloop   0x00fa9e    program     static                          
               fetchchar2   0x00c540    program     extern C:\Users\romeu\Desktop\Trabalho\SUI ANTIGO\SUI-DI141388XY Funcionando\UR-DI151399Ver1.01_06072017\hcms297x.c
           fetchcharDspic   0x00c2f2    program     extern C:\Users\romeu\Desktop\Trabalho\SUI ANTIGO\SUI-DI141388XY Funcionando\UR-DI151399Ver1.01_06072017\hcms297x.c
       fetchcharDspic8dig   0x00c39e    program     extern C:\Users\romeu\Desktop\Trabalho\SUI ANTIGO\SUI-DI141388XY Funcionando\UR-DI151399Ver1.01_06072017\hcms297x.c
                 incDigit   0x007e48    program     extern C:\Users\romeu\Desktop\Trabalho\SUI ANTIGO\SUI-DI141388XY Funcionando\UR-DI151399Ver1.01_06072017\Main.c
                incDigit2   0x00ea52    program     extern C:\Users\romeu\Desktop\Trabalho\SUI ANTIGO\SUI-DI141388XY Funcionando\UR-DI151399Ver1.01_06072017\Keys.c
                  inc_dec   0x0005ba    program     extern C:\Users\romeu\Desktop\Trabalho\SUI ANTIGO\SUI-DI141388XY Funcionando\UR-DI151399Ver1.01_06072017\Main.c
                initPorts   0x00014e    program     extern C:\Users\romeu\Desktop\Trabalho\SUI ANTIGO\SUI-DI141388XY Funcionando\UR-DI151399Ver1.01_06072017\Main.c
               initTimer1   0x00ad30    program     extern C:\Users\romeu\Desktop\Trabalho\SUI ANTIGO\SUI-DI141388XY Funcionando\UR-DI151399Ver1.01_06072017\Main.c
                init_tmr2   0x00aaa0    program     extern C:\Users\romeu\Desktop\Trabalho\SUI ANTIGO\SUI-DI141388XY Funcionando\UR-DI151399Ver1.01_06072017\Main.c
             inithcms297x   0x00c19e    program     extern C:\Users\romeu\Desktop\Trabalho\SUI ANTIGO\SUI-DI141388XY Funcionando\UR-DI151399Ver1.01_06072017\hcms297x.c
                 jANotInf   0x00eca6    program     static E:\3.46\pic18-lt\cxx-framework\src\traditional\math\addFP.asm
                 jANotInf   0x00edc8    program     static E:\3.46\pic18-lt\cxx-framework\src\traditional\math\divFP.asm
                 jANotInf   0x00ee6e    program     static E:\3.46\pic18-lt\cxx-framework\src\traditional\math\mulFP.asm
                 jANotNeg   0x00ed3a    program     static E:\3.46\pic18-lt\cxx-framework\src\traditional\math\addFP.asm
                jANotZero   0x00eddc    program     static E:\3.46\pic18-lt\cxx-framework\src\traditional\math\divFP.asm
              jAandWsetup   0x00ed0a    program     static E:\3.46\pic18-lt\cxx-framework\src\traditional\math\addFP.asm
                  jAisNeg   0x00f1f2    program     static E:\3.46\pic18-lt\cxx-framework\src\traditional\math\compFP.asm
                 jAltBexp   0x00ecf8    program     static E:\3.46\pic18-lt\cxx-framework\src\traditional\math\addFP.asm
                jBANotInf   0x00ec9c    program     static E:\3.46\pic18-lt\cxx-framework\src\traditional\math\addFP.asm
                 jBNotInf   0x00ecb4    program     static E:\3.46\pic18-lt\cxx-framework\src\traditional\math\addFP.asm
              jBothFinite   0x00ee7c    program     static E:\3.46\pic18-lt\cxx-framework\src\traditional\math\mulFP.asm
             jBothNotZero   0x00ee88    program     static E:\3.46\pic18-lt\cxx-framework\src\traditional\math\mulFP.asm
             jBothNotZero   0x00f194    program     static E:\3.46\pic18-lt\cxx-framework\src\traditional\math\compFP.asm
            jDifOrPosSign   0x00ecc8    program     static E:\3.46\pic18-lt\cxx-framework\src\traditional\math\addFP.asm
                      jEQ   0x00f1b0    program     static E:\3.46\pic18-lt\cxx-framework\src\traditional\math\compFP.asm
                    jExch   0x00f1bc    program     static E:\3.46\pic18-lt\cxx-framework\src\traditional\math\compFP.asm
                    jExit   0x00f084    program     static E:\3.46\pic18-lt\cxx-framework\src\traditional\math\castFP08.asm
                    jExit   0x00f0e2    program     static E:\3.46\pic18-lt\cxx-framework\src\traditional\math\castFP16.asm
                    jExit   0x00f150    program     static E:\3.46\pic18-lt\cxx-framework\src\traditional\math\castFP32.asm
                   jExpEQ   0x00f202    program     static E:\3.46\pic18-lt\cxx-framework\src\traditional\math\compFP.asm
                   jFinal   0x00f1e6    program     static E:\3.46\pic18-lt\cxx-framework\src\traditional\math\compFP.asm
               jFinalSign   0x00eda2    program     static E:\3.46\pic18-lt\cxx-framework\src\traditional\math\addFP.asm
                jHaveZero   0x00ee84    program     static E:\3.46\pic18-lt\cxx-framework\src\traditional\math\mulFP.asm
                jI2F32Beg   0x00ec62    program     static E:\3.46\pic18-lt\cxx-framework\src\traditional\math\cast32FP.asm
                    jLoop   0x00f06c    program     static E:\3.46\pic18-lt\cxx-framework\src\traditional\math\castFP08.asm
                    jLoop   0x00ee04    program     static E:\3.46\pic18-lt\cxx-framework\src\traditional\math\divFP.asm
                    jLoop   0x00f0c2    program     static E:\3.46\pic18-lt\cxx-framework\src\traditional\math\castFP16.asm
                    jLoop   0x00f124    program     static E:\3.46\pic18-lt\cxx-framework\src\traditional\math\castFP32.asm
                jLoopExit   0x00f138    program     static E:\3.46\pic18-lt\cxx-framework\src\traditional\math\castFP32.asm
                jLoopExit   0x00f07a    program     static E:\3.46\pic18-lt\cxx-framework\src\traditional\math\castFP08.asm
                jLoopExit   0x00f0d2    program     static E:\3.46\pic18-lt\cxx-framework\src\traditional\math\castFP16.asm
                     jMax   0x00f0f4    program     static E:\3.46\pic18-lt\cxx-framework\src\traditional\math\castFP32.asm
                     jMax   0x00f096    program     static E:\3.46\pic18-lt\cxx-framework\src\traditional\math\castFP16.asm
                     jMax   0x00f048    program     static E:\3.46\pic18-lt\cxx-framework\src\traditional\math\castFP08.asm
                  jMaxNeg   0x00f0a4    program     static E:\3.46\pic18-lt\cxx-framework\src\traditional\math\castFP16.asm
                  jMaxNeg   0x00f106    program     static E:\3.46\pic18-lt\cxx-framework\src\traditional\math\castFP32.asm
                  jMaxNeg   0x00f052    program     static E:\3.46\pic18-lt\cxx-framework\src\traditional\math\castFP08.asm
                  jMaxPos   0x00f09a    program     static E:\3.46\pic18-lt\cxx-framework\src\traditional\math\castFP16.asm
                  jMaxPos   0x00f04c    program     static E:\3.46\pic18-lt\cxx-framework\src\traditional\math\castFP08.asm
                  jMaxPos   0x00f0f8    program     static E:\3.46\pic18-lt\cxx-framework\src\traditional\math\castFP32.asm
                      jNE   0x00f1b4    program     static E:\3.46\pic18-lt\cxx-framework\src\traditional\math\compFP.asm
                    jNext   0x00ee2a    program     static E:\3.46\pic18-lt\cxx-framework\src\traditional\math\divFP.asm
                jNoAdjust   0x00ee28    program     static E:\3.46\pic18-lt\cxx-framework\src\traditional\math\divFP.asm
                  jNoExch   0x00f1dc    program     static E:\3.46\pic18-lt\cxx-framework\src\traditional\math\compFP.asm
             jNotBothZero   0x00eccc    program     static E:\3.46\pic18-lt\cxx-framework\src\traditional\math\addFP.asm
                  jNotInf   0x00f05c    program     static E:\3.46\pic18-lt\cxx-framework\src\traditional\math\castFP08.asm
                  jNotInf   0x00f0b2    program     static E:\3.46\pic18-lt\cxx-framework\src\traditional\math\castFP16.asm
                  jNotInf   0x00f112    program     static E:\3.46\pic18-lt\cxx-framework\src\traditional\math\castFP32.asm
                  jPkLoop   0x00f266    program     static E:\3.46\pic18-lt\cxx-framework\src\traditional\math\packFP.asm
             jPkRoundDone   0x00f2b0    program     static E:\3.46\pic18-lt\cxx-framework\src\traditional\math\packFP.asm
               jPkRoundIt   0x00f298    program     static E:\3.46\pic18-lt\cxx-framework\src\traditional\math\packFP.asm
             jPkShiftDone   0x00f282    program     static E:\3.46\pic18-lt\cxx-framework\src\traditional\math\packFP.asm
           jReturnPosInf0   0x00f23c    program     static E:\3.46\pic18-lt\cxx-framework\src\traditional\math\packFP.asm
                  jRotate   0x00f20e    program     static E:\3.46\pic18-lt\cxx-framework\src\traditional\math\compFP.asm
                   jShift   0x00f1f8    program     static E:\3.46\pic18-lt\cxx-framework\src\traditional\math\compFP.asm
               jShiftDone   0x00ed62    program     static E:\3.46\pic18-lt\cxx-framework\src\traditional\math\addFP.asm
               jShiftLoop   0x00ed54    program     static E:\3.46\pic18-lt\cxx-framework\src\traditional\math\addFP.asm
                jSignDone   0x00ed92    program     static E:\3.46\pic18-lt\cxx-framework\src\traditional\math\addFP.asm
              jSignedZero   0x00edd2    program     static E:\3.46\pic18-lt\cxx-framework\src\traditional\math\divFP.asm
                 jSignsEQ   0x00f198    program     static E:\3.46\pic18-lt\cxx-framework\src\traditional\math\compFP.asm
                  jUnpkA1   0x00f2da    program     static E:\3.46\pic18-lt\cxx-framework\src\traditional\math\UnpackFP.asm
                  jUnpkA2   0x00f2f2    program     static E:\3.46\pic18-lt\cxx-framework\src\traditional\math\UnpackFP.asm
                 jUnpkANZ   0x00f2e8    program     static E:\3.46\pic18-lt\cxx-framework\src\traditional\math\UnpackFP.asm
                  jUnpkB1   0x00f30a    program     static E:\3.46\pic18-lt\cxx-framework\src\traditional\math\UnpackFP.asm
                  jUnpkB2   0x00f322    program     static E:\3.46\pic18-lt\cxx-framework\src\traditional\math\UnpackFP.asm
                 jUnpkBNZ   0x00f318    program     static E:\3.46\pic18-lt\cxx-framework\src\traditional\math\UnpackFP.asm
                 jUnpkNaN   0x00f2fc    program     static E:\3.46\pic18-lt\cxx-framework\src\traditional\math\UnpackFP.asm
                 jWNotNeg   0x00ed4e    program     static E:\3.46\pic18-lt\cxx-framework\src\traditional\math\addFP.asm
                   jWr123   0x00f0fe    program     static E:\3.46\pic18-lt\cxx-framework\src\traditional\math\castFP32.asm
                  jWrZ123   0x00f10e    program     static E:\3.46\pic18-lt\cxx-framework\src\traditional\math\castFP32.asm
                    jZero   0x00f10c    program     static E:\3.46\pic18-lt\cxx-framework\src\traditional\math\castFP32.asm
                    jZero   0x00f0ac    program     static E:\3.46\pic18-lt\cxx-framework\src\traditional\math\castFP16.asm
                    jZero   0x00f058    program     static E:\3.46\pic18-lt\cxx-framework\src\traditional\math\castFP08.asm
               jZero1and2   0x00f240    program     static E:\3.46\pic18-lt\cxx-framework\src\traditional\math\packFP.asm
    keyDelayedPeriodic2x1   0x00e46e    program     extern C:\Users\romeu\Desktop\Trabalho\SUI ANTIGO\SUI-DI141388XY Funcionando\UR-DI151399Ver1.01_06072017\Keys.c
    keyDelayedPeriodic2x2   0x00e808    program     extern C:\Users\romeu\Desktop\Trabalho\SUI ANTIGO\SUI-DI141388XY Funcionando\UR-DI151399Ver1.01_06072017\Keys.c
    keyDelayedPeriodic2x3   0x00e9de    program     extern C:\Users\romeu\Desktop\Trabalho\SUI ANTIGO\SUI-DI141388XY Funcionando\UR-DI151399Ver1.01_06072017\Keys.c
           keyPeriodic2x1   0x00e466    program     extern C:\Users\romeu\Desktop\Trabalho\SUI ANTIGO\SUI-DI141388XY Funcionando\UR-DI151399Ver1.01_06072017\Keys.c
           keyPeriodic2x2   0x00e7ee    program     extern C:\Users\romeu\Desktop\Trabalho\SUI ANTIGO\SUI-DI141388XY Funcionando\UR-DI151399Ver1.01_06072017\Keys.c
           keyPeriodic2x3   0x00e9c4    program     extern C:\Users\romeu\Desktop\Trabalho\SUI ANTIGO\SUI-DI141388XY Funcionando\UR-DI151399Ver1.01_06072017\Keys.c
              keyPress2x1   0x00e35a    program     extern C:\Users\romeu\Desktop\Trabalho\SUI ANTIGO\SUI-DI141388XY Funcionando\UR-DI151399Ver1.01_06072017\Keys.c
              keyPress2x2   0x00e734    program     extern C:\Users\romeu\Desktop\Trabalho\SUI ANTIGO\SUI-DI141388XY Funcionando\UR-DI151399Ver1.01_06072017\Keys.c
              keyPress2x3   0x00e87e    program     extern C:\Users\romeu\Desktop\Trabalho\SUI ANTIGO\SUI-DI141388XY Funcionando\UR-DI151399Ver1.01_06072017\Keys.c
            keyRelease2x1   0x00e45e    program     extern C:\Users\romeu\Desktop\Trabalho\SUI ANTIGO\SUI-DI141388XY Funcionando\UR-DI151399Ver1.01_06072017\Keys.c
            keyRelease2x2   0x00e7e0    program     extern C:\Users\romeu\Desktop\Trabalho\SUI ANTIGO\SUI-DI141388XY Funcionando\UR-DI151399Ver1.01_06072017\Keys.c
            keyRelease2x3   0x00e9b6    program     extern C:\Users\romeu\Desktop\Trabalho\SUI ANTIGO\SUI-DI141388XY Funcionando\UR-DI151399Ver1.01_06072017\Keys.c
             keyboardInit   0x00f76a    program     extern C:\Users\romeu\Desktop\Trabalho\SUI ANTIGO\SUI-DI141388XY Funcionando\UR-DI151399Ver1.01_06072017\Keyboard.c
             keyboardScan   0x00f5b6    program     extern C:\Users\romeu\Desktop\Trabalho\SUI ANTIGO\SUI-DI141388XY Funcionando\UR-DI151399Ver1.01_06072017\Keyboard.c
                     loop   0x00fa10    program     static                          
                     loop   0x00fa82    program     static                          
                     loop   0x00faf4    program     static                          
                   loop_h   0x00fad2    program     static E:\3.46\pic18-lt\cxx-framework\src\traditional\proc\p18f4620.asm
                   loop_l   0x00fadc    program     static E:\3.46\pic18-lt\cxx-framework\src\traditional\proc\p18f4620.asm
                     main   0x000068    program     extern C:\Users\romeu\Desktop\Trabalho\SUI ANTIGO\SUI-DI141388XY Funcionando\UR-DI151399Ver1.01_06072017\Main.c
              networkInit   0x00f32c    program     extern C:\Users\romeu\Desktop\Trabalho\SUI ANTIGO\SUI-DI141388XY Funcionando\UR-DI151399Ver1.01_06072017\Network.c
                 pergunta   0x00b7bc    program     extern C:\Users\romeu\Desktop\Trabalho\SUI ANTIGO\SUI-DI141388XY Funcionando\UR-DI151399Ver1.01_06072017\Main.c
                    round   0x0083c6    program     extern C:\Users\romeu\Desktop\Trabalho\SUI ANTIGO\SUI-DI141388XY Funcionando\UR-DI151399Ver1.01_06072017\Main.c
                  sendMsg   0x00f522    program     extern C:\Users\romeu\Desktop\Trabalho\SUI ANTIGO\SUI-DI141388XY Funcionando\UR-DI151399Ver1.01_06072017\Network.c
             sendToEEPROM   0x00acde    program     extern C:\Users\romeu\Desktop\Trabalho\SUI ANTIGO\SUI-DI141388XY Funcionando\UR-DI151399Ver1.01_06072017\Main.c
                     test   0x00f90e    program     static                          
               transmitir   0x00bfac    program     extern C:\Users\romeu\Desktop\Trabalho\SUI ANTIGO\SUI-DI141388XY Funcionando\UR-DI151399Ver1.01_06072017\Main.c
               zero_block   0x00fad2    program     static E:\3.46\pic18-lt\cxx-framework\src\traditional\proc\p18f4620.asm
                   ADCON0   0x000fc2       data     extern E:\3.46\pic18-lt\cxx-framework\src\traditional\proc\p18f4620.asm
               ADCON0bits   0x000fc2       data     extern E:\3.46\pic18-lt\cxx-framework\src\traditional\proc\p18f4620.asm
                   ADCON1   0x000fc1       data     extern E:\3.46\pic18-lt\cxx-framework\src\traditional\proc\p18f4620.asm
               ADCON1bits   0x000fc1       data     extern E:\3.46\pic18-lt\cxx-framework\src\traditional\proc\p18f4620.asm
                   ADCON2   0x000fc0       data     extern E:\3.46\pic18-lt\cxx-framework\src\traditional\proc\p18f4620.asm
               ADCON2bits   0x000fc0       data     extern E:\3.46\pic18-lt\cxx-framework\src\traditional\proc\p18f4620.asm
                    ADRES   0x000fc3       data     extern E:\3.46\pic18-lt\cxx-framework\src\traditional\proc\p18f4620.asm
                   ADRESH   0x000fc4       data     extern E:\3.46\pic18-lt\cxx-framework\src\traditional\proc\p18f4620.asm
                   ADRESL   0x000fc3       data     extern E:\3.46\pic18-lt\cxx-framework\src\traditional\proc\p18f4620.asm
                  BAUDCON   0x000fb8       data     extern E:\3.46\pic18-lt\cxx-framework\src\traditional\proc\p18f4620.asm
              BAUDCONbits   0x000fb8       data     extern E:\3.46\pic18-lt\cxx-framework\src\traditional\proc\p18f4620.asm
                  BAUDCTL   0x000fb8       data     extern E:\3.46\pic18-lt\cxx-framework\src\traditional\proc\p18f4620.asm
              BAUDCTLbits   0x000fb8       data     extern E:\3.46\pic18-lt\cxx-framework\src\traditional\proc\p18f4620.asm
                      BSR   0x000fe0       data     extern E:\3.46\pic18-lt\cxx-framework\src\traditional\proc\p18f4620.asm
                  CCP1CON   0x000fbd       data     extern E:\3.46\pic18-lt\cxx-framework\src\traditional\proc\p18f4620.asm
              CCP1CONbits   0x000fbd       data     extern E:\3.46\pic18-lt\cxx-framework\src\traditional\proc\p18f4620.asm
                  CCP2CON   0x000fba       data     extern E:\3.46\pic18-lt\cxx-framework\src\traditional\proc\p18f4620.asm
              CCP2CONbits   0x000fba       data     extern E:\3.46\pic18-lt\cxx-framework\src\traditional\proc\p18f4620.asm
                    CCPR1   0x000fbe       data     extern E:\3.46\pic18-lt\cxx-framework\src\traditional\proc\p18f4620.asm
                   CCPR1H   0x000fbf       data     extern E:\3.46\pic18-lt\cxx-framework\src\traditional\proc\p18f4620.asm
                   CCPR1L   0x000fbe       data     extern E:\3.46\pic18-lt\cxx-framework\src\traditional\proc\p18f4620.asm
                    CCPR2   0x000fbb       data     extern E:\3.46\pic18-lt\cxx-framework\src\traditional\proc\p18f4620.asm
                   CCPR2H   0x000fbc       data     extern E:\3.46\pic18-lt\cxx-framework\src\traditional\proc\p18f4620.asm
                   CCPR2L   0x000fbb       data     extern E:\3.46\pic18-lt\cxx-framework\src\traditional\proc\p18f4620.asm
                    CMCON   0x000fb4       data     extern E:\3.46\pic18-lt\cxx-framework\src\traditional\proc\p18f4620.asm
                CMCONbits   0x000fb4       data     extern E:\3.46\pic18-lt\cxx-framework\src\traditional\proc\p18f4620.asm
                   CVRCON   0x000fb5       data     extern E:\3.46\pic18-lt\cxx-framework\src\traditional\proc\p18f4620.asm
               CVRCONbits   0x000fb5       data     extern E:\3.46\pic18-lt\cxx-framework\src\traditional\proc\p18f4620.asm
                Cont100ms   0x0003a3       data     extern C:\Users\romeu\Desktop\Trabalho\SUI ANTIGO\SUI-DI141388XY Funcionando\UR-DI151399Ver1.01_06072017\Main.c
                 Cont55ms   0x0003a2       data     extern C:\Users\romeu\Desktop\Trabalho\SUI ANTIGO\SUI-DI141388XY Funcionando\UR-DI151399Ver1.01_06072017\Main.c
                ContDelay   0x0009ee       data     extern C:\Users\romeu\Desktop\Trabalho\SUI ANTIGO\SUI-DI141388XY Funcionando\UR-DI151399Ver1.01_06072017\Main.c
          ContDelayPreset   0x0003a0       data     extern C:\Users\romeu\Desktop\Trabalho\SUI ANTIGO\SUI-DI141388XY Funcionando\UR-DI151399Ver1.01_06072017\Main.c
         ContFalhaComunic   0x000313       data     extern C:\Users\romeu\Desktop\Trabalho\SUI ANTIGO\SUI-DI141388XY Funcionando\UR-DI151399Ver1.01_06072017\Main.c
               ContFiltro   0x000372       data     extern C:\Users\romeu\Desktop\Trabalho\SUI ANTIGO\SUI-DI141388XY Funcionando\UR-DI151399Ver1.01_06072017\Main.c
                ContLedRx   0x000314       data     extern C:\Users\romeu\Desktop\Trabalho\SUI ANTIGO\SUI-DI141388XY Funcionando\UR-DI151399Ver1.01_06072017\Main.c
                ContLedTx   0x000315       data     extern C:\Users\romeu\Desktop\Trabalho\SUI ANTIGO\SUI-DI141388XY Funcionando\UR-DI151399Ver1.01_06072017\Main.c
                ContMedia   0x00038a       data     extern C:\Users\romeu\Desktop\Trabalho\SUI ANTIGO\SUI-DI141388XY Funcionando\UR-DI151399Ver1.01_06072017\Main.c
       ContPiscadaDisplay   0x000310       data     extern C:\Users\romeu\Desktop\Trabalho\SUI ANTIGO\SUI-DI141388XY Funcionando\UR-DI151399Ver1.01_06072017\Main.c
           ContSerialMuda   0x000359       data     extern C:\Users\romeu\Desktop\Trabalho\SUI ANTIGO\SUI-DI141388XY Funcionando\UR-DI151399Ver1.01_06072017\Main.c
               ContTaLim1   0x00038f       data     extern C:\Users\romeu\Desktop\Trabalho\SUI ANTIGO\SUI-DI141388XY Funcionando\UR-DI151399Ver1.01_06072017\Main.c
               ContTaLim2   0x000393       data     extern C:\Users\romeu\Desktop\Trabalho\SUI ANTIGO\SUI-DI141388XY Funcionando\UR-DI151399Ver1.01_06072017\Main.c
               ContTaLim3   0x000397       data     extern C:\Users\romeu\Desktop\Trabalho\SUI ANTIGO\SUI-DI141388XY Funcionando\UR-DI151399Ver1.01_06072017\Main.c
               ContTaLim4   0x00039b       data     extern C:\Users\romeu\Desktop\Trabalho\SUI ANTIGO\SUI-DI141388XY Funcionando\UR-DI151399Ver1.01_06072017\Main.c
               ContTdLim1   0x000391       data     extern C:\Users\romeu\Desktop\Trabalho\SUI ANTIGO\SUI-DI141388XY Funcionando\UR-DI151399Ver1.01_06072017\Main.c
               ContTdLim2   0x000395       data     extern C:\Users\romeu\Desktop\Trabalho\SUI ANTIGO\SUI-DI141388XY Funcionando\UR-DI151399Ver1.01_06072017\Main.c
               ContTdLim3   0x000399       data     extern C:\Users\romeu\Desktop\Trabalho\SUI ANTIGO\SUI-DI141388XY Funcionando\UR-DI151399Ver1.01_06072017\Main.c
               ContTdLim4   0x00039d       data     extern C:\Users\romeu\Desktop\Trabalho\SUI ANTIGO\SUI-DI141388XY Funcionando\UR-DI151399Ver1.01_06072017\Main.c
                     DDRA   0x000f92       data     extern E:\3.46\pic18-lt\cxx-framework\src\traditional\proc\p18f4620.asm
                 DDRAbits   0x000f92       data     extern E:\3.46\pic18-lt\cxx-framework\src\traditional\proc\p18f4620.asm
                     DDRB   0x000f93       data     extern E:\3.46\pic18-lt\cxx-framework\src\traditional\proc\p18f4620.asm
                 DDRBbits   0x000f93       data     extern E:\3.46\pic18-lt\cxx-framework\src\traditional\proc\p18f4620.asm
                     DDRC   0x000f94       data     extern E:\3.46\pic18-lt\cxx-framework\src\traditional\proc\p18f4620.asm
                 DDRCbits   0x000f94       data     extern E:\3.46\pic18-lt\cxx-framework\src\traditional\proc\p18f4620.asm
                     DDRD   0x000f95       data     extern E:\3.46\pic18-lt\cxx-framework\src\traditional\proc\p18f4620.asm
                 DDRDbits   0x000f95       data     extern E:\3.46\pic18-lt\cxx-framework\src\traditional\proc\p18f4620.asm
                     DDRE   0x000f96       data     extern E:\3.46\pic18-lt\cxx-framework\src\traditional\proc\p18f4620.asm
                 DDREbits   0x000f96       data     extern E:\3.46\pic18-lt\cxx-framework\src\traditional\proc\p18f4620.asm
            DelayCounter1   0x000030       data     extern E:\3.46\pic18-lt\cxx-framework\src\traditional\delays\delayd1.asm
            DelayCounter2   0x00002f       data     extern E:\3.46\pic18-lt\cxx-framework\src\traditional\delays\delayd2.asm
                  ECCP1AS   0x000fb6       data     extern E:\3.46\pic18-lt\cxx-framework\src\traditional\proc\p18f4620.asm
              ECCP1ASbits   0x000fb6       data     extern E:\3.46\pic18-lt\cxx-framework\src\traditional\proc\p18f4620.asm
                    EEADR   0x000fa9       data     extern E:\3.46\pic18-lt\cxx-framework\src\traditional\proc\p18f4620.asm
                   EEADRH   0x000faa       data     extern E:\3.46\pic18-lt\cxx-framework\src\traditional\proc\p18f4620.asm
                   EECON1   0x000fa6       data     extern E:\3.46\pic18-lt\cxx-framework\src\traditional\proc\p18f4620.asm
               EECON1bits   0x000fa6       data     extern E:\3.46\pic18-lt\cxx-framework\src\traditional\proc\p18f4620.asm
                   EECON2   0x000fa7       data     extern E:\3.46\pic18-lt\cxx-framework\src\traditional\proc\p18f4620.asm
                   EEDATA   0x000fa8       data     extern E:\3.46\pic18-lt\cxx-framework\src\traditional\proc\p18f4620.asm
                     FSR0   0x000fe9       data     extern E:\3.46\pic18-lt\cxx-framework\src\traditional\proc\p18f4620.asm
                    FSR0H   0x000fea       data     extern E:\3.46\pic18-lt\cxx-framework\src\traditional\proc\p18f4620.asm
                    FSR0L   0x000fe9       data     extern E:\3.46\pic18-lt\cxx-framework\src\traditional\proc\p18f4620.asm
                     FSR1   0x000fe1       data     extern E:\3.46\pic18-lt\cxx-framework\src\traditional\proc\p18f4620.asm
                    FSR1H   0x000fe2       data     extern E:\3.46\pic18-lt\cxx-framework\src\traditional\proc\p18f4620.asm
                    FSR1L   0x000fe1       data     extern E:\3.46\pic18-lt\cxx-framework\src\traditional\proc\p18f4620.asm
                     FSR2   0x000fd9       data     extern E:\3.46\pic18-lt\cxx-framework\src\traditional\proc\p18f4620.asm
                    FSR2H   0x000fda       data     extern E:\3.46\pic18-lt\cxx-framework\src\traditional\proc\p18f4620.asm
                    FSR2L   0x000fd9       data     extern E:\3.46\pic18-lt\cxx-framework\src\traditional\proc\p18f4620.asm
                    Falha   0x00031a       data     extern C:\Users\romeu\Desktop\Trabalho\SUI ANTIGO\SUI-DI141388XY Funcionando\UR-DI151399Ver1.01_06072017\Main.c
                   Falha2   0x0002fa       data     extern C:\Users\romeu\Desktop\Trabalho\SUI ANTIGO\SUI-DI141388XY Funcionando\UR-DI151399Ver1.01_06072017\Main.c
                 FiltroRc   0x000290       data     extern C:\Users\romeu\Desktop\Trabalho\SUI ANTIGO\SUI-DI141388XY Funcionando\UR-DI151399Ver1.01_06072017\Main.c
                FiltroRc2   0x000295       data     extern C:\Users\romeu\Desktop\Trabalho\SUI ANTIGO\SUI-DI141388XY Funcionando\UR-DI151399Ver1.01_06072017\Main.c
                Flag100ms   0x0003a4       data     extern C:\Users\romeu\Desktop\Trabalho\SUI ANTIGO\SUI-DI141388XY Funcionando\UR-DI151399Ver1.01_06072017\Main.c
            FlagContDelay   0x000312       data     extern C:\Users\romeu\Desktop\Trabalho\SUI ANTIGO\SUI-DI141388XY Funcionando\UR-DI151399Ver1.01_06072017\Main.c
        FlagFiltroDigital   0x0003a1       data     extern C:\Users\romeu\Desktop\Trabalho\SUI ANTIGO\SUI-DI141388XY Funcionando\UR-DI151399Ver1.01_06072017\Main.c
              FlagLim1Out   0x000355       data     extern C:\Users\romeu\Desktop\Trabalho\SUI ANTIGO\SUI-DI141388XY Funcionando\UR-DI151399Ver1.01_06072017\Main.c
              FlagLim2Out   0x000356       data     extern C:\Users\romeu\Desktop\Trabalho\SUI ANTIGO\SUI-DI141388XY Funcionando\UR-DI151399Ver1.01_06072017\Main.c
              FlagLim3Out   0x000357       data     extern C:\Users\romeu\Desktop\Trabalho\SUI ANTIGO\SUI-DI141388XY Funcionando\UR-DI151399Ver1.01_06072017\Main.c
              FlagLim4Out   0x000358       data     extern C:\Users\romeu\Desktop\Trabalho\SUI ANTIGO\SUI-DI141388XY Funcionando\UR-DI151399Ver1.01_06072017\Main.c
                  HLVDCON   0x000fd2       data     extern E:\3.46\pic18-lt\cxx-framework\src\traditional\proc\p18f4620.asm
              HLVDCONbits   0x000fd2       data     extern E:\3.46\pic18-lt\cxx-framework\src\traditional\proc\p18f4620.asm
                   Hold1X   0x0002bb       data     extern C:\Users\romeu\Desktop\Trabalho\SUI ANTIGO\SUI-DI141388XY Funcionando\UR-DI151399Ver1.01_06072017\Main.c
                   Hold2X   0x0002c2       data     extern C:\Users\romeu\Desktop\Trabalho\SUI ANTIGO\SUI-DI141388XY Funcionando\UR-DI151399Ver1.01_06072017\Main.c
                   Hold3Y   0x0002c3       data     extern C:\Users\romeu\Desktop\Trabalho\SUI ANTIGO\SUI-DI141388XY Funcionando\UR-DI151399Ver1.01_06072017\Main.c
                   Hold4Y   0x0002c4       data     extern C:\Users\romeu\Desktop\Trabalho\SUI ANTIGO\SUI-DI141388XY Funcionando\UR-DI151399Ver1.01_06072017\Main.c
                    INDF0   0x000fef       data     extern E:\3.46\pic18-lt\cxx-framework\src\traditional\proc\p18f4620.asm
                    INDF1   0x000fe7       data     extern E:\3.46\pic18-lt\cxx-framework\src\traditional\proc\p18f4620.asm
                    INDF2   0x000fdf       data     extern E:\3.46\pic18-lt\cxx-framework\src\traditional\proc\p18f4620.asm
                   INTCON   0x000ff2       data     extern E:\3.46\pic18-lt\cxx-framework\src\traditional\proc\p18f4620.asm
                  INTCON2   0x000ff1       data     extern E:\3.46\pic18-lt\cxx-framework\src\traditional\proc\p18f4620.asm
              INTCON2bits   0x000ff1       data     extern E:\3.46\pic18-lt\cxx-framework\src\traditional\proc\p18f4620.asm
                  INTCON3   0x000ff0       data     extern E:\3.46\pic18-lt\cxx-framework\src\traditional\proc\p18f4620.asm
              INTCON3bits   0x000ff0       data     extern E:\3.46\pic18-lt\cxx-framework\src\traditional\proc\p18f4620.asm
               INTCONbits   0x000ff2       data     extern E:\3.46\pic18-lt\cxx-framework\src\traditional\proc\p18f4620.asm
                     IPR1   0x000f9f       data     extern E:\3.46\pic18-lt\cxx-framework\src\traditional\proc\p18f4620.asm
                 IPR1bits   0x000f9f       data     extern E:\3.46\pic18-lt\cxx-framework\src\traditional\proc\p18f4620.asm
                     IPR2   0x000fa2       data     extern E:\3.46\pic18-lt\cxx-framework\src\traditional\proc\p18f4620.asm
                 IPR2bits   0x000fa2       data     extern E:\3.46\pic18-lt\cxx-framework\src\traditional\proc\p18f4620.asm
                     LATA   0x000f89       data     extern E:\3.46\pic18-lt\cxx-framework\src\traditional\proc\p18f4620.asm
                 LATAbits   0x000f89       data     extern E:\3.46\pic18-lt\cxx-framework\src\traditional\proc\p18f4620.asm
                     LATB   0x000f8a       data     extern E:\3.46\pic18-lt\cxx-framework\src\traditional\proc\p18f4620.asm
                 LATBbits   0x000f8a       data     extern E:\3.46\pic18-lt\cxx-framework\src\traditional\proc\p18f4620.asm
                     LATC   0x000f8b       data     extern E:\3.46\pic18-lt\cxx-framework\src\traditional\proc\p18f4620.asm
                 LATCbits   0x000f8b       data     extern E:\3.46\pic18-lt\cxx-framework\src\traditional\proc\p18f4620.asm
                     LATD   0x000f8c       data     extern E:\3.46\pic18-lt\cxx-framework\src\traditional\proc\p18f4620.asm
                 LATDbits   0x000f8c       data     extern E:\3.46\pic18-lt\cxx-framework\src\traditional\proc\p18f4620.asm
                     LATE   0x000f8d       data     extern E:\3.46\pic18-lt\cxx-framework\src\traditional\proc\p18f4620.asm
                 LATEbits   0x000f8d       data     extern E:\3.46\pic18-lt\cxx-framework\src\traditional\proc\p18f4620.asm
                   LVDCON   0x000fd2       data     extern E:\3.46\pic18-lt\cxx-framework\src\traditional\proc\p18f4620.asm
               LVDCONbits   0x000fd2       data     extern E:\3.46\pic18-lt\cxx-framework\src\traditional\proc\p18f4620.asm
                    Media   0x000376       data     extern C:\Users\romeu\Desktop\Trabalho\SUI ANTIGO\SUI-DI141388XY Funcionando\UR-DI151399Ver1.01_06072017\Main.c
                 MediaOut   0x00037a       data     extern C:\Users\romeu\Desktop\Trabalho\SUI ANTIGO\SUI-DI141388XY Funcionando\UR-DI151399Ver1.01_06072017\Main.c
                   MediaX   0x00037e       data     extern C:\Users\romeu\Desktop\Trabalho\SUI ANTIGO\SUI-DI141388XY Funcionando\UR-DI151399Ver1.01_06072017\Main.c
                   MediaY   0x000382       data     extern C:\Users\romeu\Desktop\Trabalho\SUI ANTIGO\SUI-DI141388XY Funcionando\UR-DI151399Ver1.01_06072017\Main.c
                   MediaZ   0x000386       data     extern C:\Users\romeu\Desktop\Trabalho\SUI ANTIGO\SUI-DI141388XY Funcionando\UR-DI151399Ver1.01_06072017\Main.c
                   Media_   0x0002cd       data     extern C:\Users\romeu\Desktop\Trabalho\SUI ANTIGO\SUI-DI141388XY Funcionando\UR-DI151399Ver1.01_06072017\Main.c
               MedidaFilt   0x000339       data     extern C:\Users\romeu\Desktop\Trabalho\SUI ANTIGO\SUI-DI141388XY Funcionando\UR-DI151399Ver1.01_06072017\Main.c
              MedidaFiltX   0x000341       data     extern C:\Users\romeu\Desktop\Trabalho\SUI ANTIGO\SUI-DI141388XY Funcionando\UR-DI151399Ver1.01_06072017\Main.c
              MedidaFiltY   0x000345       data     extern C:\Users\romeu\Desktop\Trabalho\SUI ANTIGO\SUI-DI141388XY Funcionando\UR-DI151399Ver1.01_06072017\Main.c
              MedidaFiltZ   0x000349       data     extern C:\Users\romeu\Desktop\Trabalho\SUI ANTIGO\SUI-DI141388XY Funcionando\UR-DI151399Ver1.01_06072017\Main.c
              MedidaTeste   0x00042d       data     extern C:\Users\romeu\Desktop\Trabalho\SUI ANTIGO\SUI-DI141388XY Funcionando\UR-DI151399Ver1.01_06072017\Main.c
         MedidaTransdutor   0x00035e       data     extern C:\Users\romeu\Desktop\Trabalho\SUI ANTIGO\SUI-DI141388XY Funcionando\UR-DI151399Ver1.01_06072017\Main.c
        MedidaTransdutor1   0x000366       data     extern C:\Users\romeu\Desktop\Trabalho\SUI ANTIGO\SUI-DI141388XY Funcionando\UR-DI151399Ver1.01_06072017\Main.c
        MedidaTransdutor2   0x00036a       data     extern C:\Users\romeu\Desktop\Trabalho\SUI ANTIGO\SUI-DI141388XY Funcionando\UR-DI151399Ver1.01_06072017\Main.c
        MedidaTransdutor3   0x00036e       data     extern C:\Users\romeu\Desktop\Trabalho\SUI ANTIGO\SUI-DI141388XY Funcionando\UR-DI151399Ver1.01_06072017\Main.c
 MedidaTransdutorAnterior   0x000362       data     extern C:\Users\romeu\Desktop\Trabalho\SUI ANTIGO\SUI-DI141388XY Funcionando\UR-DI151399Ver1.01_06072017\Main.c
                 ModoMed1   0x0002bd       data     extern C:\Users\romeu\Desktop\Trabalho\SUI ANTIGO\SUI-DI141388XY Funcionando\UR-DI151399Ver1.01_06072017\Main.c
                 ModoMed2   0x0002c0       data     extern C:\Users\romeu\Desktop\Trabalho\SUI ANTIGO\SUI-DI141388XY Funcionando\UR-DI151399Ver1.01_06072017\Main.c
                 ModoMedY   0x0002be       data     extern C:\Users\romeu\Desktop\Trabalho\SUI ANTIGO\SUI-DI141388XY Funcionando\UR-DI151399Ver1.01_06072017\Main.c
                 ModoMedZ   0x0002bf       data     extern C:\Users\romeu\Desktop\Trabalho\SUI ANTIGO\SUI-DI141388XY Funcionando\UR-DI151399Ver1.01_06072017\Main.c
            NumDigDisplay   0x0002f6       data     extern C:\Users\romeu\Desktop\Trabalho\SUI ANTIGO\SUI-DI141388XY Funcionando\UR-DI151399Ver1.01_06072017\Main.c
            NumTotalMedia   0x00038b       data     extern C:\Users\romeu\Desktop\Trabalho\SUI ANTIGO\SUI-DI141388XY Funcionando\UR-DI151399Ver1.01_06072017\Main.c
                   OSCCON   0x000fd3       data     extern E:\3.46\pic18-lt\cxx-framework\src\traditional\proc\p18f4620.asm
               OSCCONbits   0x000fd3       data     extern E:\3.46\pic18-lt\cxx-framework\src\traditional\proc\p18f4620.asm
                  OSCTUNE   0x000f9b       data     extern E:\3.46\pic18-lt\cxx-framework\src\traditional\proc\p18f4620.asm
              OSCTUNEbits   0x000f9b       data     extern E:\3.46\pic18-lt\cxx-framework\src\traditional\proc\p18f4620.asm
                OpPreset1   0x0002b8       data     extern C:\Users\romeu\Desktop\Trabalho\SUI ANTIGO\SUI-DI141388XY Funcionando\UR-DI151399Ver1.01_06072017\Main.c
                OpPreset2   0x0002c1       data     extern C:\Users\romeu\Desktop\Trabalho\SUI ANTIGO\SUI-DI141388XY Funcionando\UR-DI151399Ver1.01_06072017\Main.c
                OpPresetY   0x0002b9       data     extern C:\Users\romeu\Desktop\Trabalho\SUI ANTIGO\SUI-DI141388XY Funcionando\UR-DI151399Ver1.01_06072017\Main.c
                OpPresetZ   0x0002ba       data     extern C:\Users\romeu\Desktop\Trabalho\SUI ANTIGO\SUI-DI141388XY Funcionando\UR-DI151399Ver1.01_06072017\Main.c
                       PC   0x000ff9       data     extern E:\3.46\pic18-lt\cxx-framework\src\traditional\proc\p18f4620.asm
                      PCL   0x000ff9       data     extern E:\3.46\pic18-lt\cxx-framework\src\traditional\proc\p18f4620.asm
                   PCLATH   0x000ffa       data     extern E:\3.46\pic18-lt\cxx-framework\src\traditional\proc\p18f4620.asm
                   PCLATU   0x000ffb       data     extern E:\3.46\pic18-lt\cxx-framework\src\traditional\proc\p18f4620.asm
                     PIE1   0x000f9d       data     extern E:\3.46\pic18-lt\cxx-framework\src\traditional\proc\p18f4620.asm
                 PIE1bits   0x000f9d       data     extern E:\3.46\pic18-lt\cxx-framework\src\traditional\proc\p18f4620.asm
                     PIE2   0x000fa0       data     extern E:\3.46\pic18-lt\cxx-framework\src\traditional\proc\p18f4620.asm
                 PIE2bits   0x000fa0       data     extern E:\3.46\pic18-lt\cxx-framework\src\traditional\proc\p18f4620.asm
                     PIR1   0x000f9e       data     extern E:\3.46\pic18-lt\cxx-framework\src\traditional\proc\p18f4620.asm
                 PIR1bits   0x000f9e       data     extern E:\3.46\pic18-lt\cxx-framework\src\traditional\proc\p18f4620.asm
                     PIR2   0x000fa1       data     extern E:\3.46\pic18-lt\cxx-framework\src\traditional\proc\p18f4620.asm
                 PIR2bits   0x000fa1       data     extern E:\3.46\pic18-lt\cxx-framework\src\traditional\proc\p18f4620.asm
                   PLUSW0   0x000feb       data     extern E:\3.46\pic18-lt\cxx-framework\src\traditional\proc\p18f4620.asm
                   PLUSW1   0x000fe3       data     extern E:\3.46\pic18-lt\cxx-framework\src\traditional\proc\p18f4620.asm
                   PLUSW2   0x000fdb       data     extern E:\3.46\pic18-lt\cxx-framework\src\traditional\proc\p18f4620.asm
                    PORTA   0x000f80       data     extern E:\3.46\pic18-lt\cxx-framework\src\traditional\proc\p18f4620.asm
                PORTAbits   0x000f80       data     extern E:\3.46\pic18-lt\cxx-framework\src\traditional\proc\p18f4620.asm
                    PORTB   0x000f81       data     extern E:\3.46\pic18-lt\cxx-framework\src\traditional\proc\p18f4620.asm
                PORTBbits   0x000f81       data     extern E:\3.46\pic18-lt\cxx-framework\src\traditional\proc\p18f4620.asm
                    PORTC   0x000f82       data     extern E:\3.46\pic18-lt\cxx-framework\src\traditional\proc\p18f4620.asm
                PORTCbits   0x000f82       data     extern E:\3.46\pic18-lt\cxx-framework\src\traditional\proc\p18f4620.asm
                    PORTD   0x000f83       data     extern E:\3.46\pic18-lt\cxx-framework\src\traditional\proc\p18f4620.asm
                PORTDbits   0x000f83       data     extern E:\3.46\pic18-lt\cxx-framework\src\traditional\proc\p18f4620.asm
                    PORTE   0x000f84       data     extern E:\3.46\pic18-lt\cxx-framework\src\traditional\proc\p18f4620.asm
                PORTEbits   0x000f84       data     extern E:\3.46\pic18-lt\cxx-framework\src\traditional\proc\p18f4620.asm
                 POSTDEC0   0x000fed       data     extern E:\3.46\pic18-lt\cxx-framework\src\traditional\proc\p18f4620.asm
                 POSTDEC1   0x000fe5       data     extern E:\3.46\pic18-lt\cxx-framework\src\traditional\proc\p18f4620.asm
                 POSTDEC2   0x000fdd       data     extern E:\3.46\pic18-lt\cxx-framework\src\traditional\proc\p18f4620.asm
                 POSTINC0   0x000fee       data     extern E:\3.46\pic18-lt\cxx-framework\src\traditional\proc\p18f4620.asm
                 POSTINC1   0x000fe6       data     extern E:\3.46\pic18-lt\cxx-framework\src\traditional\proc\p18f4620.asm
                 POSTINC2   0x000fde       data     extern E:\3.46\pic18-lt\cxx-framework\src\traditional\proc\p18f4620.asm
                      PR2   0x000fcb       data     extern E:\3.46\pic18-lt\cxx-framework\src\traditional\proc\p18f4620.asm
                  PREINC0   0x000fec       data     extern E:\3.46\pic18-lt\cxx-framework\src\traditional\proc\p18f4620.asm
                  PREINC1   0x000fe4       data     extern E:\3.46\pic18-lt\cxx-framework\src\traditional\proc\p18f4620.asm
                  PREINC2   0x000fdc       data     extern E:\3.46\pic18-lt\cxx-framework\src\traditional\proc\p18f4620.asm
                     PROD   0x000ff3       data     extern E:\3.46\pic18-lt\cxx-framework\src\traditional\proc\p18f4620.asm
                    PRODH   0x000ff4       data     extern E:\3.46\pic18-lt\cxx-framework\src\traditional\proc\p18f4620.asm
                    PRODL   0x000ff3       data     extern E:\3.46\pic18-lt\cxx-framework\src\traditional\proc\p18f4620.asm
                  PWM1CON   0x000fb7       data     extern E:\3.46\pic18-lt\cxx-framework\src\traditional\proc\p18f4620.asm
              PWM1CONbits   0x000fb7       data     extern E:\3.46\pic18-lt\cxx-framework\src\traditional\proc\p18f4620.asm
                      Pos   0x0001fc       data     extern C:\Users\romeu\Desktop\Trabalho\SUI ANTIGO\SUI-DI141388XY Funcionando\UR-DI151399Ver1.01_06072017\Keys.c
                   Preset   0x00035a       data     extern C:\Users\romeu\Desktop\Trabalho\SUI ANTIGO\SUI-DI141388XY Funcionando\UR-DI151399Ver1.01_06072017\Main.c
              Preset_ef_1   0x000420       data     extern C:\Users\romeu\Desktop\Trabalho\SUI ANTIGO\SUI-DI141388XY Funcionando\UR-DI151399Ver1.01_06072017\Main.c
              Preset_ef_2   0x000424       data     extern C:\Users\romeu\Desktop\Trabalho\SUI ANTIGO\SUI-DI141388XY Funcionando\UR-DI151399Ver1.01_06072017\Main.c
              Preset_ef_Z   0x000428       data     extern C:\Users\romeu\Desktop\Trabalho\SUI ANTIGO\SUI-DI141388XY Funcionando\UR-DI151399Ver1.01_06072017\Main.c
                     RCON   0x000fd0       data     extern E:\3.46\pic18-lt\cxx-framework\src\traditional\proc\p18f4620.asm
                 RCONbits   0x000fd0       data     extern E:\3.46\pic18-lt\cxx-framework\src\traditional\proc\p18f4620.asm
                    RCREG   0x000fae       data     extern E:\3.46\pic18-lt\cxx-framework\src\traditional\proc\p18f4620.asm
                    RCSTA   0x000fab       data     extern E:\3.46\pic18-lt\cxx-framework\src\traditional\proc\p18f4620.asm
                RCSTAbits   0x000fab       data     extern E:\3.46\pic18-lt\cxx-framework\src\traditional\proc\p18f4620.asm
                     SIGN   0x000018       data     extern E:\3.46\pic18-lt\cxx-framework\src\traditional\math\cmath18.asm
                    SPBRG   0x000faf       data     extern E:\3.46\pic18-lt\cxx-framework\src\traditional\proc\p18f4620.asm
                   SPBRGH   0x000fb0       data     extern E:\3.46\pic18-lt\cxx-framework\src\traditional\proc\p18f4620.asm
                   SSPADD   0x000fc8       data     extern E:\3.46\pic18-lt\cxx-framework\src\traditional\proc\p18f4620.asm
                   SSPBUF   0x000fc9       data     extern E:\3.46\pic18-lt\cxx-framework\src\traditional\proc\p18f4620.asm
                  SSPCON1   0x000fc6       data     extern E:\3.46\pic18-lt\cxx-framework\src\traditional\proc\p18f4620.asm
              SSPCON1bits   0x000fc6       data     extern E:\3.46\pic18-lt\cxx-framework\src\traditional\proc\p18f4620.asm
                  SSPCON2   0x000fc5       data     extern E:\3.46\pic18-lt\cxx-framework\src\traditional\proc\p18f4620.asm
              SSPCON2bits   0x000fc5       data     extern E:\3.46\pic18-lt\cxx-framework\src\traditional\proc\p18f4620.asm
                  SSPSTAT   0x000fc7       data     extern E:\3.46\pic18-lt\cxx-framework\src\traditional\proc\p18f4620.asm
              SSPSTATbits   0x000fc7       data     extern E:\3.46\pic18-lt\cxx-framework\src\traditional\proc\p18f4620.asm
                   STATUS   0x000fd8       data     extern E:\3.46\pic18-lt\cxx-framework\src\traditional\proc\p18f4620.asm
               STATUSbits   0x000fd8       data     extern E:\3.46\pic18-lt\cxx-framework\src\traditional\proc\p18f4620.asm
                   STKPTR   0x000ffc       data     extern E:\3.46\pic18-lt\cxx-framework\src\traditional\proc\p18f4620.asm
[...]
                TRISBbits   0x000f93       data     extern E:\3.46\pic18-lt\cxx-framework\src\traditional\proc\p18f4620.asm
                    TRISB   0x000f93       data     extern E:\3.46\pic18-lt\cxx-framework\src\traditional\proc\p18f4620.asm
                     DDRB   0x000f93       data     extern E:\3.46\pic18-lt\cxx-framework\src\traditional\proc\p18f4620.asm
                 DDRCbits   0x000f94       data     extern E:\3.46\pic18-lt\cxx-framework\src\traditional\proc\p18f4620.asm
                     DDRC   0x000f94       data     extern E:\3.46\pic18-lt\cxx-framework\src\traditional\proc\p18f4620.asm
                TRISCbits   0x000f94       data     extern E:\3.46\pic18-lt\cxx-framework\src\traditional\proc\p18f4620.asm
                    TRISC   0x000f94       data     extern E:\3.46\pic18-lt\cxx-framework\src\traditional\proc\p18f4620.asm
                TRISDbits   0x000f95       data     extern E:\3.46\pic18-lt\cxx-framework\src\traditional\proc\p18f4620.asm
                    TRISD   0x000f95       data     extern E:\3.46\pic18-lt\cxx-framework\src\traditional\proc\p18f4620.asm
                 DDRDbits   0x000f95       data     extern E:\3.46\pic18-lt\cxx-framework\src\traditional\proc\p18f4620.asm
                     DDRD   0x000f95       data     extern E:\3.46\pic18-lt\cxx-framework\src\traditional\proc\p18f4620.asm
                 DDREbits   0x000f96       data     extern E:\3.46\pic18-lt\cxx-framework\src\traditional\proc\p18f4620.asm
                     DDRE   0x000f96       data     extern E:\3.46\pic18-lt\cxx-framework\src\traditional\proc\p18f4620.asm
                TRISEbits   0x000f96       data     extern E:\3.46\pic18-lt\cxx-framework\src\traditional\proc\p18f4620.asm
                    TRISE   0x000f96       data     extern E:\3.46\pic18-lt\cxx-framework\src\traditional\proc\p18f4620.asm
                  OSCTUNE   0x000f9b       data     extern E:\3.46\pic18-lt\cxx-framework\src\traditional\proc\p18f4620.asm
              OSCTUNEbits   0x000f9b       data     extern E:\3.46\pic18-lt\cxx-framework\src\traditional\proc\p18f4620.asm
                     PIE1   0x000f9d       data     extern E:\3.46\pic18-lt\cxx-framework\src\traditional\proc\p18f4620.asm
                 PIE1bits   0x000f9d       data     extern E:\3.46\pic18-lt\cxx-framework\src\traditional\proc\p18f4620.asm
                     PIR1   0x000f9e       data     extern E:\3.46\pic18-lt\cxx-framework\src\traditional\proc\p18f4620.asm
                 PIR1bits   0x000f9e       data     extern E:\3.46\pic18-lt\cxx-framework\src\traditional\proc\p18f4620.asm
                 IPR1bits   0x000f9f       data     extern E:\3.46\pic18-lt\cxx-framework\src\traditional\proc\p18f4620.asm
                     IPR1   0x000f9f       data     extern E:\3.46\pic18-lt\cxx-framework\src\traditional\proc\p18f4620.asm
                 PIE2bits   0x000fa0       data     extern E:\3.46\pic18-lt\cxx-framework\src\traditional\proc\p18f4620.asm
                     PIE2   0x000fa0       data     extern E:\3.46\pic18-lt\cxx-framework\src\traditional\proc\p18f4620.asm
                 PIR2bits   0x000fa1       data     extern E:\3.46\pic18-lt\cxx-framework\src\traditional\proc\p18f4620.asm
                     PIR2   0x000fa1       data     extern E:\3.46\pic18-lt\cxx-framework\src\traditional\proc\p18f4620.asm
                     IPR2   0x000fa2       data     extern E:\3.46\pic18-lt\cxx-framework\src\traditional\proc\p18f4620.asm
                 IPR2bits   0x000fa2       data     extern E:\3.46\pic18-lt\cxx-framework\src\traditional\proc\p18f4620.asm
               EECON1bits   0x000fa6       data     extern E:\3.46\pic18-lt\cxx-framework\src\traditional\proc\p18f4620.asm
                   EECON1   0x000fa6       data     extern E:\3.46\pic18-lt\cxx-framework\src\traditional\proc\p18f4620.asm
                   EECON2   0x000fa7       data     extern E:\3.46\pic18-lt\cxx-framework\src\traditional\proc\p18f4620.asm
                   EEDATA   0x000fa8       data     extern E:\3.46\pic18-lt\cxx-framework\src\traditional\proc\p18f4620.asm
                    EEADR   0x000fa9       data     extern E:\3.46\pic18-lt\cxx-framework\src\traditional\proc\p18f4620.asm
                   EEADRH   0x000faa       data     extern E:\3.46\pic18-lt\cxx-framework\src\traditional\proc\p18f4620.asm
                RCSTAbits   0x000fab       data     extern E:\3.46\pic18-lt\cxx-framework\src\traditional\proc\p18f4620.asm
                    RCSTA   0x000fab       data     extern E:\3.46\pic18-lt\cxx-framework\src\traditional\proc\p18f4620.asm
                    TXSTA   0x000fac       data     extern E:\3.46\pic18-lt\cxx-framework\src\traditional\proc\p18f4620.asm
                TXSTAbits   0x000fac       data     extern E:\3.46\pic18-lt\cxx-framework\src\traditional\proc\p18f4620.asm
                    TXREG   0x000fad       data     extern E:\3.46\pic18-lt\cxx-framework\src\traditional\proc\p18f4620.asm
                    RCREG   0x000fae       data     extern E:\3.46\pic18-lt\cxx-framework\src\traditional\proc\p18f4620.asm
                    SPBRG   0x000faf       data     extern E:\3.46\pic18-lt\cxx-framework\src\traditional\proc\p18f4620.asm
                   SPBRGH   0x000fb0       data     extern E:\3.46\pic18-lt\cxx-framework\src\traditional\proc\p18f4620.asm
                T3CONbits   0x000fb1       data     extern E:\3.46\pic18-lt\cxx-framework\src\traditional\proc\p18f4620.asm
                    T3CON   0x000fb1       data     extern E:\3.46\pic18-lt\cxx-framework\src\traditional\proc\p18f4620.asm
                    TMR3L   0x000fb2       data     extern E:\3.46\pic18-lt\cxx-framework\src\traditional\proc\p18f4620.asm
                    TMR3H   0x000fb3       data     extern E:\3.46\pic18-lt\cxx-framework\src\traditional\proc\p18f4620.asm
                    CMCON   0x000fb4       data     extern E:\3.46\pic18-lt\cxx-framework\src\traditional\proc\p18f4620.asm
                CMCONbits   0x000fb4       data     extern E:\3.46\pic18-lt\cxx-framework\src\traditional\proc\p18f4620.asm
                   CVRCON   0x000fb5       data     extern E:\3.46\pic18-lt\cxx-framework\src\traditional\proc\p18f4620.asm
               CVRCONbits   0x000fb5       data     extern E:\3.46\pic18-lt\cxx-framework\src\traditional\proc\p18f4620.asm
                  ECCP1AS   0x000fb6       data     extern E:\3.46\pic18-lt\cxx-framework\src\traditional\proc\p18f4620.asm
              ECCP1ASbits   0x000fb6       data     extern E:\3.46\pic18-lt\cxx-framework\src\traditional\proc\p18f4620.asm
                  PWM1CON   0x000fb7       data     extern E:\3.46\pic18-lt\cxx-framework\src\traditional\proc\p18f4620.asm
              PWM1CONbits   0x000fb7       data     extern E:\3.46\pic18-lt\cxx-framework\src\traditional\proc\p18f4620.asm
                  BAUDCON   0x000fb8       data     extern E:\3.46\pic18-lt\cxx-framework\src\traditional\proc\p18f4620.asm
              BAUDCTLbits   0x000fb8       data     extern E:\3.46\pic18-lt\cxx-framework\src\traditional\proc\p18f4620.asm
                  BAUDCTL   0x000fb8       data     extern E:\3.46\pic18-lt\cxx-framework\src\traditional\proc\p18f4620.asm
              BAUDCONbits   0x000fb8       data     extern E:\3.46\pic18-lt\cxx-framework\src\traditional\proc\p18f4620.asm
                  CCP2CON   0x000fba       data     extern E:\3.46\pic18-lt\cxx-framework\src\traditional\proc\p18f4620.asm
              CCP2CONbits   0x000fba       data     extern E:\3.46\pic18-lt\cxx-framework\src\traditional\proc\p18f4620.asm
                   CCPR2L   0x000fbb       data     extern E:\3.46\pic18-lt\cxx-framework\src\traditional\proc\p18f4620.asm
                    CCPR2   0x000fbb       data     extern E:\3.46\pic18-lt\cxx-framework\src\traditional\proc\p18f4620.asm
                   CCPR2H   0x000fbc       data     extern E:\3.46\pic18-lt\cxx-framework\src\traditional\proc\p18f4620.asm
                  CCP1CON   0x000fbd       data     extern E:\3.46\pic18-lt\cxx-framework\src\traditional\proc\p18f4620.asm
              CCP1CONbits   0x000fbd       data     extern E:\3.46\pic18-lt\cxx-framework\src\traditional\proc\p18f4620.asm
                   CCPR1L   0x000fbe       data     extern E:\3.46\pic18-lt\cxx-framework\src\traditional\proc\p18f4620.asm
                    CCPR1   0x000fbe       data     extern E:\3.46\pic18-lt\cxx-framework\src\traditional\proc\p18f4620.asm
                   CCPR1H   0x000fbf       data     extern E:\3.46\pic18-lt\cxx-framework\src\traditional\proc\p18f4620.asm
                   ADCON2   0x000fc0       data     extern E:\3.46\pic18-lt\cxx-framework\src\traditional\proc\p18f4620.asm
               ADCON2bits   0x000fc0       data     extern E:\3.46\pic18-lt\cxx-framework\src\traditional\proc\p18f4620.asm
               ADCON1bits   0x000fc1       data     extern E:\3.46\pic18-lt\cxx-framework\src\traditional\proc\p18f4620.asm
                   ADCON1   0x000fc1       data     extern E:\3.46\pic18-lt\cxx-framework\src\traditional\proc\p18f4620.asm
                   ADCON0   0x000fc2       data     extern E:\3.46\pic18-lt\cxx-framework\src\traditional\proc\p18f4620.asm
               ADCON0bits   0x000fc2       data     extern E:\3.46\pic18-lt\cxx-framework\src\traditional\proc\p18f4620.asm
                    ADRES   0x000fc3       data     extern E:\3.46\pic18-lt\cxx-framework\src\traditional\proc\p18f4620.asm
                   ADRESL   0x000fc3       data     extern E:\3.46\pic18-lt\cxx-framework\src\traditional\proc\p18f4620.asm
                   ADRESH   0x000fc4       data     extern E:\3.46\pic18-lt\cxx-framework\src\traditional\proc\p18f4620.asm
                  SSPCON2   0x000fc5       data     extern E:\3.46\pic18-lt\cxx-framework\src\traditional\proc\p18f4620.asm
              SSPCON2bits   0x000fc5       data     extern E:\3.46\pic18-lt\cxx-framework\src\traditional\proc\p18f4620.asm
                  SSPCON1   0x000fc6       data     extern E:\3.46\pic18-lt\cxx-framework\src\traditional\proc\p18f4620.asm
              SSPCON1bits   0x000fc6       data     extern E:\3.46\pic18-lt\cxx-framework\src\traditional\proc\p18f4620.asm
                  SSPSTAT   0x000fc7       data     extern E:\3.46\pic18-lt\cxx-framework\src\traditional\proc\p18f4620.asm
              SSPSTATbits   0x000fc7       data     extern E:\3.46\pic18-lt\cxx-framework\src\traditional\proc\p18f4620.asm
                   SSPADD   0x000fc8       data     extern E:\3.46\pic18-lt\cxx-framework\src\traditional\proc\p18f4620.asm
                   SSPBUF   0x000fc9       data     extern E:\3.46\pic18-lt\cxx-framework\src\traditional\proc\p18f4620.asm
                T2CONbits   0x000fca       data     extern E:\3.46\pic18-lt\cxx-framework\src\traditional\proc\p18f4620.asm
                    T2CON   0x000fca       data     extern E:\3.46\pic18-lt\cxx-framework\src\traditional\proc\p18f4620.asm
                      PR2   0x000fcb       data     extern E:\3.46\pic18-lt\cxx-framework\src\traditional\proc\p18f4620.asm
                     TMR2   0x000fcc       data     extern E:\3.46\pic18-lt\cxx-framework\src\traditional\proc\p18f4620.asm
                T1CONbits   0x000fcd       data     extern E:\3.46\pic18-lt\cxx-framework\src\traditional\proc\p18f4620.asm
                    T1CON   0x000fcd       data     extern E:\3.46\pic18-lt\cxx-framework\src\traditional\proc\p18f4620.asm
                    TMR1L   0x000fce       data     extern E:\3.46\pic18-lt\cxx-framework\src\traditional\proc\p18f4620.asm
                    TMR1H   0x000fcf       data     extern E:\3.46\pic18-lt\cxx-framework\src\traditional\proc\p18f4620.asm
                     RCON   0x000fd0       data     extern E:\3.46\pic18-lt\cxx-framework\src\traditional\proc\p18f4620.asm
                 RCONbits   0x000fd0       data     extern E:\3.46\pic18-lt\cxx-framework\src\traditional\proc\p18f4620.asm
                   WDTCON   0x000fd1       data     extern E:\3.46\pic18-lt\cxx-framework\src\traditional\proc\p18f4620.asm
               WDTCONbits   0x000fd1       data     extern E:\3.46\pic18-lt\cxx-framework\src\traditional\proc\p18f4620.asm
                  HLVDCON   0x000fd2       data     extern E:\3.46\pic18-lt\cxx-framework\src\traditional\proc\p18f4620.asm
              HLVDCONbits   0x000fd2       data     extern E:\3.46\pic18-lt\cxx-framework\src\traditional\proc\p18f4620.asm
               LVDCONbits   0x000fd2       data     extern E:\3.46\pic18-lt\cxx-framework\src\traditional\proc\p18f4620.asm
                   LVDCON   0x000fd2       data     extern E:\3.46\pic18-lt\cxx-framework\src\traditional\proc\p18f4620.asm
                   OSCCON   0x000fd3       data     extern E:\3.46\pic18-lt\cxx-framework\src\traditional\proc\p18f4620.asm
               OSCCONbits   0x000fd3       data     extern E:\3.46\pic18-lt\cxx-framework\src\traditional\proc\p18f4620.asm
                T0CONbits   0x000fd5       data     extern E:\3.46\pic18-lt\cxx-framework\src\traditional\proc\p18f4620.asm
                    T0CON   0x000fd5       data     extern E:\3.46\pic18-lt\cxx-framework\src\traditional\proc\p18f4620.asm
                    TMR0L   0x000fd6       data     extern E:\3.46\pic18-lt\cxx-framework\src\traditional\proc\p18f4620.asm
                    TMR0H   0x000fd7       data     extern E:\3.46\pic18-lt\cxx-framework\src\traditional\proc\p18f4620.asm
                   STATUS   0x000fd8       data     extern E:\3.46\pic18-lt\cxx-framework\src\traditional\proc\p18f4620.asm
               STATUSbits   0x000fd8       data     extern E:\3.46\pic18-lt\cxx-framework\src\traditional\proc\p18f4620.asm
                     FSR2   0x000fd9       data     extern E:\3.46\pic18-lt\cxx-framework\src\traditional\proc\p18f4620.asm
                    FSR2L   0x000fd9       data     extern E:\3.46\pic18-lt\cxx-framework\src\traditional\proc\p18f4620.asm
                    FSR2H   0x000fda       data     extern E:\3.46\pic18-lt\cxx-framework\src\traditional\proc\p18f4620.asm
                   PLUSW2   0x000fdb       data     extern E:\3.46\pic18-lt\cxx-framework\src\traditional\proc\p18f4620.asm
                  PREINC2   0x000fdc       data     extern E:\3.46\pic18-lt\cxx-framework\src\traditional\proc\p18f4620.asm
                 POSTDEC2   0x000fdd       data     extern E:\3.46\pic18-lt\cxx-framework\src\traditional\proc\p18f4620.asm
                 POSTINC2   0x000fde       data     extern E:\3.46\pic18-lt\cxx-framework\src\traditional\proc\p18f4620.asm
                    INDF2   0x000fdf       data     extern E:\3.46\pic18-lt\cxx-framework\src\traditional\proc\p18f4620.asm
                      BSR   0x000fe0       data     extern E:\3.46\pic18-lt\cxx-framework\src\traditional\proc\p18f4620.asm
                    FSR1L   0x000fe1       data     extern E:\3.46\pic18-lt\cxx-framework\src\traditional\proc\p18f4620.asm
                     FSR1   0x000fe1       data     extern E:\3.46\pic18-lt\cxx-framework\src\traditional\proc\p18f4620.asm
                    FSR1H   0x000fe2       data     extern E:\3.46\pic18-lt\cxx-framework\src\traditional\proc\p18f4620.asm
                   PLUSW1   0x000fe3       data     extern E:\3.46\pic18-lt\cxx-framework\src\traditional\proc\p18f4620.asm
                  PREINC1   0x000fe4       data     extern E:\3.46\pic18-lt\cxx-framework\src\traditional\proc\p18f4620.asm
                 POSTDEC1   0x000fe5       data     extern E:\3.46\pic18-lt\cxx-framework\src\traditional\proc\p18f4620.asm
                 POSTINC1   0x000fe6       data     extern E:\3.46\pic18-lt\cxx-framework\src\traditional\proc\p18f4620.asm
                    INDF1   0x000fe7       data     extern E:\3.46\pic18-lt\cxx-framework\src\traditional\proc\p18f4620.asm
                        W   0x000fe8       data     extern E:\3.46\pic18-lt\cxx-framework\src\traditional\proc\p18f4620.asm
                     WREG   0x000fe8       data     extern E:\3.46\pic18-lt\cxx-framework\src\traditional\proc\p18f4620.asm
                    FSR0L   0x000fe9       data     extern E:\3.46\pic18-lt\cxx-framework\src\traditional\proc\p18f4620.asm
                     FSR0   0x000fe9       data     extern E:\3.46\pic18-lt\cxx-framework\src\traditional\proc\p18f4620.asm
                    FSR0H   0x000fea       data     extern E:\3.46\pic18-lt\cxx-framework\src\traditional\proc\p18f4620.asm
                   PLUSW0   0x000feb       data     extern E:\3.46\pic18-lt\cxx-framework\src\traditional\proc\p18f4620.asm
                  PREINC0   0x000fec       data     extern E:\3.46\pic18-lt\cxx-framework\src\traditional\proc\p18f4620.asm
                 POSTDEC0   0x000fed       data     extern E:\3.46\pic18-lt\cxx-framework\src\traditional\proc\p18f4620.asm
                 POSTINC0   0x000fee       data     extern E:\3.46\pic18-lt\cxx-framework\src\traditional\proc\p18f4620.asm
                    INDF0   0x000fef       data     extern E:\3.46\pic18-lt\cxx-framework\src\traditional\proc\p18f4620.asm
                  INTCON3   0x000ff0       data     extern E:\3.46\pic18-lt\cxx-framework\src\traditional\proc\p18f4620.asm
              INTCON3bits   0x000ff0       data     extern E:\3.46\pic18-lt\cxx-framework\src\traditional\proc\p18f4620.asm
                  INTCON2   0x000ff1       data     extern E:\3.46\pic18-lt\cxx-framework\src\traditional\proc\p18f4620.asm
              INTCON2bits   0x000ff1       data     extern E:\3.46\pic18-lt\cxx-framework\src\traditional\proc\p18f4620.asm
                   INTCON   0x000ff2       data     extern E:\3.46\pic18-lt\cxx-framework\src\traditional\proc\p18f4620.asm
               INTCONbits   0x000ff2       data     extern E:\3.46\pic18-lt\cxx-framework\src\traditional\proc\p18f4620.asm
                    PRODL   0x000ff3       data     extern E:\3.46\pic18-lt\cxx-framework\src\traditional\proc\p18f4620.asm
                     PROD   0x000ff3       data     extern E:\3.46\pic18-lt\cxx-framework\src\traditional\proc\p18f4620.asm
                    PRODH   0x000ff4       data     extern E:\3.46\pic18-lt\cxx-framework\src\traditional\proc\p18f4620.asm
                   TABLAT   0x000ff5       data     extern E:\3.46\pic18-lt\cxx-framework\src\traditional\proc\p18f4620.asm
                   TBLPTR   0x000ff6       data     extern E:\3.46\pic18-lt\cxx-framework\src\traditional\proc\p18f4620.asm
                  TBLPTRL   0x000ff6       data     extern E:\3.46\pic18-lt\cxx-framework\src\traditional\proc\p18f4620.asm
                  TBLPTRH   0x000ff7       data     extern E:\3.46\pic18-lt\cxx-framework\src\traditional\proc\p18f4620.asm
                  TBLPTRU   0x000ff8       data     extern E:\3.46\pic18-lt\cxx-framework\src\traditional\proc\p18f4620.asm
                       PC   0x000ff9       data     extern E:\3.46\pic18-lt\cxx-framework\src\traditional\proc\p18f4620.asm
                      PCL   0x000ff9       data     extern E:\3.46\pic18-lt\cxx-framework\src\traditional\proc\p18f4620.asm
                   PCLATH   0x000ffa       data     extern E:\3.46\pic18-lt\cxx-framework\src\traditional\proc\p18f4620.asm
                   PCLATU   0x000ffb       data     extern E:\3.46\pic18-lt\cxx-framework\src\traditional\proc\p18f4620.asm
                   STKPTR   0x000ffc       data     extern E:\3.46\pic18-lt\cxx-framework\src\traditional\proc\p18f4620.asm
               STKPTRbits   0x000ffc       data     extern E:\3.46\pic18-lt\cxx-framework\src\traditional\proc\p18f4620.asm
                      TOS   0x000ffd       data     extern E:\3.46\pic18-lt\cxx-framework\src\traditional\proc\p18f4620.asm
                     TOSL   0x000ffd       data     extern E:\3.46\pic18-lt\cxx-framework\src\traditional\proc\p18f4620.asm
                     TOSH   0x000ffe       data     extern E:\3.46\pic18-lt\cxx-framework\src\traditional\proc\p18f4620.asm
                     TOSU   0x000fff       data     extern E:\3.46\pic18-lt\cxx-framework\src\traditional\proc\p18f4620.asm


